ESP-ROM:esï¿½ESP-ROM:esp32s3-20210327
Build:Mar 27 2021
rst:0x1 (POWERON),boot:0x8 (SPI_FAST_FLASH_BOOT)
SPIWP:0xee
mode:DIO, clock div:1
load:0x3fce3820,len:0x1718
load:0x403c9700,len:0x4
load:0x403c9704,len:0xc08
load:0x403cc700,len:0x2f08
entry 0x403c990c
[0;32mI (27) boot: ESP-IDF v5.2-dev-1449-gd2471b11e7 2nd stage bootloader[0m
[0;32mI (27) boot: compile time Jul 11 2023 17:12:33[0m
[0;32mI (28) boot: Multicore bootloader[0m
[0;32mI (32) boot: chip revision: v0.1[0m
[0;32mI (35) boot.esp32s3: Boot SPI Speed : 80MHz[0m
[0;32mI (40) boot.esp32s3: SPI Mode       : DIO[0m
[0;32mI (45) boot.esp32s3: SPI Flash Size : 2MB[0m
[0;32mI (50) boot: Enabling RNG early entropy source...[0m
[0;32mI (55) boot: Partition Table:[0m
[0;32mI (59) boot: ## Label            Usage          Type ST Offset   Length[0m
[0;32mI (66) boot:  0 nvs              WiFi data        01 02 00009000 00006000[0m
[0;32mI (73) boot:  1 phy_init         RF data          01 01 0000f000 00001000[0m
[0;32mI (81) boot:  2 factory          factory app      00 00 00010000 00100000[0m
[0;32mI (88) boot: End of partition table[0m
[0;32mI (93) esp_image: segment 0: paddr=00010020 vaddr=3c030020 size=0ffcch ( 65484) map[0m
[0;32mI (113) esp_image: segment 1: paddr=0001fff4 vaddr=3fc94b00 size=00024h (    36) load[0m
[0;32mI (113) esp_image: segment 2: paddr=00020020 vaddr=42000020 size=2e25ch (189020) map[0m
[0;32mI (152) esp_image: segment 3: paddr=0004e284 vaddr=3fc94b24 size=02a98h ( 10904) load[0m
[0;32mI (155) esp_image: segment 4: paddr=00050d24 vaddr=40374000 size=109f4h ( 68084) load[0m
[0;32mI (180) boot: Loaded app from partition at offset 0x10000[0m
[0;32mI (180) boot: Disabling RNG early entropy source...[0m
[0;32mI (192) cpu_start: Multicore app[0m
[0;32mI (192) cpu_start: Pro cpu up.[0m
[0;32mI (192) cpu_start: Starting app cpu, entry point is 0x403753ec[0m
[0;32mI (0) cpu_start: App cpu up.[0m
[0;32mI (210) cpu_start: Pro cpu start user code[0m
[0;32mI (210) cpu_start: cpu freq: 160000000 Hz[0m
[0;32mI (210) cpu_start: Application information:[0m
[0;32mI (213) cpu_start: Project name:     h160-scooter-controller[0m
[0;32mI (220) cpu_start: App version:      1[0m
[0;32mI (224) cpu_start: Compile time:     Jul 11 2023 17:12:27[0m
[0;32mI (230) cpu_start: ELF file SHA256:  c0c0923fa...[0m
[0;32mI (235) cpu_start: ESP-IDF:          v5.2-dev-1449-gd2471b11e7[0m
[0;32mI (242) cpu_start: Min chip rev:     v0.0[0m
[0;32mI (247) cpu_start: Max chip rev:     v0.99 [0m
[0;32mI (252) cpu_start: Chip rev:         v0.1[0m
[0;32mI (256) heap_init: Initializing. RAM available for dynamic allocation:[0m
[0;32mI (264) heap_init: At 3FC97FA0 len 00051770 (325 KiB): DRAM[0m
[0;32mI (270) heap_init: At 3FCE9710 len 00005724 (21 KiB): STACK/DRAM[0m
[0;32mI (276) heap_init: At 3FCF0000 len 00008000 (32 KiB): DRAM[0m
[0;32mI (283) heap_init: At 600FE010 len 00001FD8 (7 KiB): RTCRAM[0m
[0;32mI (290) spi_flash: detected chip: generic[0m
[0;32mI (293) spi_flash: flash io: dio[0m
[0;33mW (297) spi_flash: Detected size(8192k) larger than the size in the binary image header(2048k). Using the size in the binary image header.[0m
[0;33mW (311) mcpwm(legacy): legacy driver is deprecated, please migrate to `driver/mcpwm_prelude.h`[0m
[0;32mI (320) sleep: Configure to isolate all GPIO pins in sleep state[0m
[0;32mI (327) sleep: Enable automatic switching of GPIO sleep configuration[0m
[0;32mI (334) app_start: Starting scheduler on CPU0[0m
[0;32mI (339) app_start: Starting scheduler on CPU1[0m
[0;32mI (339) main_task: Started on CPU0[0m
[0;32mI (349) main_task: Calling app_main()[0m
[0;32mI (349) GPIO: initializing GPIO pins...[0m
[0;32mI (359) I2C: initializing i2c[0m
[0;32mI (359) SPI: initializing SPI...[0m
[0;32mI (369) MCPWM: initializing MCPWM...[0m
[0;32mI (369) SPI: initializing SPI SDCARD...[0m
[0;32mI (379) gpio: GPIO[10]| InputEn: 0| OutputEn: 1| OpenDrain: 0| Pullup: 0| Pulldown: 0| Intr:0 [0m
[0;32mI (379) sdspi_transaction: cmd=52, R1 response: command not supported[0m
[0;32mI (429) sdspi_transaction: cmd=5, R1 response: command not supported[0m
Name: EC1S5
Type: SDHC/SDXC
Speed: 8.00 MHz (limit: 8.00 MHz)
Size: 61120MB
CSD: ver=2, sector_size=512, capacity=125173760 read_bl_len=9
SSR: bus_width=1
[0;32mI (449) SDCARD: Opening file[0m
[0;32mI (479) SDCARD: File written[0m
[0;32mI (519) SDCARD: Renaming file[0m
[0;32mI (529) SDCARD: Reading file[0m
[0;32mI (529) SDCARD: Read from file: 'Hello EC1S5!'[0m
[0;32mI (529) SPI: initializing SPI IMU...[0m
[0;32mI (529) main_task: Returned from appGuru Meditation Error: Core  1 panic'ed (InstrFetchProhibited). Exception was unhandled.

Core  1 register dump:
PC      : 0x00000000  PS      : 0x00060230  A0      : 0x8200db8c  A1      : 0x3fca6840  
A2      : 0x3fc97d70  A3      : 0x3fca6860  A4      : 0x3fca67a4  A5      : 0x00000000  
A6      : 0x00000031  A7      : 0x7fc0b700  A8      : 0x8202c1f6  A9      : 0x3fca6520  
A10     : 0x00000000  A11     : 0x3fca6860  A12     : 0x3fca67a4  A13     : 0x3c036801  
A14     : 0x3fca676c  A15     : 0x00000000  SAR     : 0x0000001f  EXCCAUSE: 0x00000014  
EXCVADDR: 0x00000000  LBEG    : 0x400570e8  LEND    : 0x400570f3  LCOUNT  : 0x00000000  


Backtrace: 0xfffffffd:0x3fca6840 0x4200db89:0x3fca6860 0x4200e1f5:0x3fca68b0 0x42008ad2:0x3fca68e0 0x4037e551:0x3fca6960




ELF file SHA256: c0c0923fa

Rebooting...
ESP-ROM:esp32s3-20210327
Build:Mar 27 2021
rst:0xc (RTC_SW_CPU_RST),boot:0x8 (SPI_FAST_FLASH_BOOT)
Saved PC:0x42007a1f
SPIWP:0xee
mode:DIO, clock div:1
load:0x3fce3820,len:0x1718
load:0x403c9700,len:0x4
load:0x403c9704,len:0xc08
load:0x403cc700,len:0x2f08
entry 0x403c990c
[0;32mI (31) boot: ESP-IDF v5.2-dev-1449-gd2471b11e7 2nd stage bootloader[0m
[0;32mI (31) boot: compile time Jul 11 2023 17:12:33[0m
[0;32mI (32) boot: Multicore bootloader[0m
[0;32mI (36) boot: chip revision: v0.1[0m
[0;32mI (40) boot.esp32s3: Boot SPI Speed : 80MHz[0m
[0;32mI (45) boot.esp32s3: SPI Mode       : DIO[0m
[0;32mI (49) boot.esp32s3: SPI Flash Size : 2MB[0m
[0;32mI (54) boot: Enabling RNG early entropy source...[0m
[0;32mI (60) boot: Partition Table:[0m
[0;32mI (63) boot: ## Label            Usage          Type ST Offset   Length[0m
[0;32mI (70) boot:  0 nvs              WiFi data        01 02 00009000 00006000[0m
[0;32mI (78) boot:  1 phy_init         RF data          01 01 0000f000 00001000[0m
[0;32mI (85) boot:  2 factory          factory app      00 00 00010000 00100000[0m
[0;32mI (93) boot: End of partition table[0m
[0;32mI (97) esp_image: segment 0: paddr=00010020 vaddr=3c030020 size=0ffcch ( 65484) map[0m
[0;32mI (117) esp_image: segment 1: paddr=0001fff4 vaddr=3fc94b00 size=00024h (    36) load[0m
[0;32mI (118) esp_image: segment 2: paddr=00020020 vaddr=42000020 size=2e25ch (189020) map[0m
[0;32mI (157) esp_image: segment 3: paddr=0004e284 vaddr=3fc94b24 size=02a98h ( 10904) load[0m
[0;32mI (160) esp_image: segment 4: paddr=00050d24 vaddr=40374000 size=109f4h ( 68084) load[0m
[0;32mI (185) boot: Loaded app from partition at offset 0x10000[0m
[0;32mI (185) boot: Disabling RNG early entropy source...[0m
[0;32mI (196) cpu_start: Multicore app[0m
[0;32mI (197) cpu_start: Pro cpu up.[0m
[0;32mI (197) cpu_start: Starting app cpu, entry point is 0x403753ec[0m
[0;32mI (176) cpu_start: App cpu up.[0m
[0;32mI (215) cpu_start: Pro cpu start user code[0m
[0;32mI (215) cpu_start: cpu freq: 160000000 Hz[0m
[0;32mI (215) cpu_start: Application information:[0m
[0;32mI (218) cpu_start: Project name:     h160-scooter-controller[0m
[0;32mI (224) cpu_start: App version:      1[0m
[0;32mI (229) cpu_start: Compile time:     Jul 11 2023 17:12:27[0m
[0;32mI (235) cpu_start: ELF file SHA256:  c0c0923fa...[0m
[0;32mI (240) cpu_start: ESP-IDF:          v5.2-dev-1449-gd2471b11e7[0m
[0;32mI (247) cpu_start: Min chip rev:     v0.0[0m
[0;32mI (252) cpu_start: Max chip rev:     v0.99 [0m
[0;32mI (256) cpu_start: Chip rev:         v0.1[0m
[0;32mI (261) heap_init: Initializing. RAM available for dynamic allocation:[0m
[0;32mI (268) heap_init: At 3FC97FA0 len 00051770 (325 KiB): DRAM[0m
[0;32mI (275) heap_init: At 3FCE9710 len 00005724 (21 KiB): STACK/DRAM[0m
[0;32mI (281) heap_init: At 3FCF0000 len 00008000 (32 KiB): DRAM[0m
[0;32mI (287) heap_init: At 600FE010 len 00001FD8 (7 KiB): RTCRAM[0m
[0;32mI (295) spi_flash: detected chip: generic[0m
[0;32mI (298) spi_flash: flash io: dio[0m
[0;33mW (302) spi_flash: Detected size(8192k) larger than the size in the binary image header(2048k). Using the size in the binary image header.[0m
[0;33mW (315) mcpwm(legacy): legacy driver is deprecated, please migrate to `driver/mcpwm_prelude.h`[0m
[0;32mI (325) sleep: Configure to isolate all GPIO pins in sleep state[0m
[0;32mI (332) sleep: Enable automatic switching of GPIO sleep configuration[0m
[0;32mI (339) app_start: Starting scheduler on CPU0[0m
[0;32mI (344) app_start: Starting scheduler on CPU1[0m
[0;32mI (344) main_task: Started on CPU0[0m
[0;32mI (354) main_task: Calling app_main()[0m
[0;32mI (354) GPIO: initializing GPIO pins...[0m
[0;32mI (364) I2C: initializing i2c[0m
[0;32mI (364) SPI: initializing SPI...[0m
[0;32mI (374) MCPWM: initializing MCPWM...[0m
[0;32mI (374) SPI: initializing SPI SDCARD...[0m
[0;32mI (384) gpio: GPIO[10]| InputEn: 0| OutputEn: 1| OpenDrain: 0| Pullup: 0| Pulldown: 0| Intr:0 [0m
[0;32mI (384) sdspi_transaction: cmd=52, R1 response: command not supported[0m
[0;32mI (434) sdspi_transaction: cmd=5, R1 response: command not supported[0m
Name: EC1S5
Type: SDHC/SDXC
Speed: 8.00 MHz (limit: 8.00 MHz)
Size: 61120MB
CSD: ver=2, sector_size=512, capacity=125173760 read_bl_len=9
SSR: bus_width=1
[0;32mI (454) SDCARD: Opening file[0m
[0;32mI (484) SDCARD: File written[0m
[0;32mI (524) SDCARD: Renaming file[0m
[0;32mI (524) SDCARD: Reading file[0m
[0;32mI (534) SDCARD: Read from file: 'Hello EC1S5!'[0m
[0;32mI (534) SPI: initializing SPI IMU...[0m
[0;32mI (534) main_task: Returned from apGuru Meditation Error: Core  1 panic'ed (InstrFetchProhibited). Exception was unhandled.

Core  1 register dump:
PC      : 0x00000000  PS      : 0x00060230  A0      : 0x8200db8c  A1      : 0x3fca6840  
A2      : 0x3fc97d70  A3      : 0x3fca6860  A4      : 0x3fca67a4  A5      : 0x00000000  
A6      : 0x00000038  A7      : 0x7fbe8000  A8      : 0x8202c1f6  A9      : 0x3fca6520  
A10     : 0x00000000  A11     : 0x3fca6860  A12     : 0x3fca67a4  A13     : 0x3c036801  
A14     : 0x3fca676c  A15     : 0x00000000  SAR     : 0x0000001f  EXCCAUSE: 0x00000014  
EXCVADDR: 0x00000000  LBEG    : 0x400570e8  LEND    : 0x400570f3  LCOUNT  : 0x00000000  


Backtrace: 0xfffffffd:0x3fca6840 0x4200db89:0x3fca6860 0x4200e1f5:0x3fca68b0 0x42008ad2:0x3fca68e0 0x4037e551:0x3fca6960




ELF file SHA256: c0c0923fa

Rebooting...
ï¿½ï¿½ï¿½ESP-ROM:esp32s3-20210327
Build:Mar 27 2021
rst:0xc (RTC_SW_CPU_RST),boot:0x8 (SPI_FAST_FLASH_BOOT)
Saved PC:0x42007a1f
SPIWP:0xee
mode:DIO, clock div:1
load:0x3fce3820,len:0x1718
load:0x403c9700,len:0x4
load:0x403c9704,len:0xc08
load:0x403cc700,len:0x2f08
entry 0x403c990c
[0;32mI (31) boot: ESP-IDF v5.2-dev-1449-gd2471b11e7 2nd stage bootloader[0m
[0;32mI (31) boot: compile time Jul 11 2023 17:12:33[0m
[0;32mI (32) boot: Multicore bootloader[0m
[0;32mI (36) boot: chip revision: v0.1[0m
[0;32mI (40) boot.esp32s3: Boot SPI Speed : 80MHz[0m
[0;32mI (45) boot.esp32s3: SPI Mode       : DIO[0m
[0;32mI (49) boot.esp32s3: SPI Flash Size : 2MB[0m
[0;32mI (54) boot: Enabling RNG early entropy source...[0m
[0;32mI (60) boot: Partition Table:[0m
[0;32mI (63) boot: ## Label            Usage          Type ST Offset   Length[0m
[0;32mI (70) boot:  0 nvs              WiFi data        01 02 00009000 00006000[0m
[0;32mI (78) boot:  1 phy_init         RF data          01 01 0000f000 00001000[0m
[0;32mI (85) boot:  2 factory          factory app      00 00 00010000 00100000[0m
[0;32mI (93) boot: End of partition table[0m
[0;32mI (97) esp_image: segment 0: paddr=00010020 vaddr=3c030020 size=0ffcch ( 65484) map[0m
[0;32mI (117) esp_image: segment 1: paddr=0001fff4 vaddr=3fc94b00 size=00024h (    36) load[0m
[0;32mI (118) esp_image: segment 2: paddr=00020020 vaddr=42000020 size=2e25ch (189020) map[0m
[0;32mI (157) esp_image: segment 3: paddr=0004e284 vaddr=3fc94b24 size=02a98h ( 10904) load[0m
[0;32mI (160) esp_image: segment 4: paddr=00050d24 vaddr=40374000 size=109f4h ( 68084) load[0m
[0;32mI (185) boot: Loaded app from partition at offset 0x10000[0m
[0;32mI (185) boot: Disabling RNG early entropy source...[0m
[0;32mI (196) cpu_start: Multicore app[0m
[0;32mI (197) cpu_start: Pro cpu up.[0m
[0;32mI (197) cpu_start: Starting app cpu, entry point is 0x403753ec[0m
[0;32mI (176) cpu_start: App cpu up.[0m
[0;32mI (215) cpu_start: Pro cpu start user code[0m
[0;32mI (215) cpu_start: cpu freq: 160000000 Hz[0m
[0;32mI (215) cpu_start: Application information:[0m
[0;32mI (218) cpu_start: Project name:     h160-scooter-controller[0m
[0;32mI (224) cpu_start: App version:      1[0m
[0;32mI (229) cpu_start: Compile time:     Jul 11 2023 17:12:27[0m
[0;32mI (235) cpu_start: ELF file SHA256:  c0c0923fa...[0m
[0;32mI (240) cpu_start: ESP-IDF:          v5.2-dev-1449-gd2471b11e7[0m
[0;32mI (247) cpu_start: Min chip rev:     v0.0[0m
[0;32mI (252) cpu_start: Max chip rev:     v0.99 [0m
[0;32mI (256) cpu_start: Chip rev:         v0.1[0m
[0;32mI (261) heap_init: Initializing. RAM available for dynamic allocation:[0m
[0;32mI (268) heap_init: At 3FC97FA0 len 00051770 (325 KiB): DRAM[0m
[0;32mI (275) heap_init: At 3FCE9710 len 00005724 (21 KiB): STACK/DRAM[0m
[0;32mI (281) heap_init: At 3FCF0000 len 00008000 (32 KiB): DRAM[0m
[0;32mI (287) heap_init: At 600FE010 len 00001FD8 (7 KiB): RTCRAM[0m
[0;32mI (295) spi_flash: detected chip: generic[0m
[0;32mI (298) spi_flash: flash io: dio[0m
[0;33mW (302) spi_flash: Detected size(8192k) larger than the size in the binary image header(2048k). Using the size in the binary image header.[0m
[0;33mW (315) mcpwm(legacy): legacy driver is deprecated, please migrate to `driver/mcpwm_prelude.h`[0m
[0;32mI (325) sleep: Configure to isolate all GPIO pins in sleep state[0m
[0;32mI (332) sleep: Enable automatic switching of GPIO sleep configuration[0m
[0;32mI (339) app_start: Starting scheduler on CPU0[0m
[0;32mI (344) app_start: Starting scheduler on CPU1[0m
[0;32mI (344) main_task: Started on CPU0[0m
[0;32mI (354) main_task: Calling app_main()[0m
[0;32mI (354) GPIO: initializing GPIO pins...[0m
[0;32mI (364) I2C: initializing i2c[0m
[0;32mI (364) SPI: initializing SPI...[0m
[0;32mI (374) MCPWM: initializing MCPWM...[0m
[0;32mI (374) SPI: initializing SPI SDCARD...[0m
[0;32mI (384) gpio: GPIO[10]| InputEn: 0| OutputEn: 1| OpenDrain: 0| Pullup: 0| Pulldown: 0| Intr:0 [0m
[0;32mI (384) sdspi_transaction: cmd=52, R1 response: command not supported[0m
[0;32mI (434) sdspi_transaction: cmd=5, R1 response: command not supported[0m
Name: EC1S5
Type: SDHC/SDXC
Speed: 8.00 MHz (limit: 8.00 MHz)
Size: 61120MB
CSD: ver=2, sector_size=512, capacity=125173760 read_bl_len=9
SSR: bus_width=1
[0;32mI (454) SDCARD: Opening file[0m
[0;32mI (484) SDCARD: File written[0m
[0;32mI (524) SDCARD: Renaming file[0m
[0;32mI (534) SDCARD: Reading file[0m
[0;32mI (534) SDCARD: Read from file: 'Hello EC1S5!'[0m
[0;32mI (534) SPI: initializing SPI IMU...[0m
[0;32mI (534) main_task: Returned from appGuru Meditation Error: Core  1 panic'ed (InstrFetchProhibited). Exception was unhandled.

Core  1 register dump:
PC      : 0x00000000  PS      : 0x00060230  A0      : 0x8200db8c  A1      : 0x3fca6840  
A2      : 0x3fc97d70  A3      : 0x3fca6860  A4      : 0x3fca67a4  A5      : 0x00000000  
A6      : 0x00000035  A7      : 0x7fbb9200  A8      : 0x8202c1f6  A9      : 0x3fca6520  
A10     : 0x00000000  A11     : 0x3fca6860  A12     : 0x3fca67a4  A13     : 0x3c036801  
A14     : 0x3fca676c  A15     : 0x00000000  SAR     : 0x0000001f  EXCCAUSE: 0x00000014  
EXCVADDR: 0x00000000  LBEG    : 0x400570e8  LEND    : 0x400570f3  LCOUNT  : 0x00000000  


Backtrace: 0xfffffffd:0x3fca6840 0x4200db89:0x3fca6860 0x4200e1f5:0x3fca68b0 0x42008ad2:0x3fca68e0 0x4037e551:0x3fca6960




ELF file SHA256: c0c0923fa

Rebooting...
ESP-ROM:esp32s3-20210327
Build:Mar 27 2021
rst:0xc (RTC_SW_CPU_RST),boot:0x8 (SPI_FAST_FLASH_BOOT)
Saved PC:0x42007a1f
SPIWP:0xee
mode:DIO, clock div:1
load:0x3fce3820,len:0x1718
load:0x403c9700,len:0x4
load:0x403c9704,len:0xc08
load:0x403cc700,len:0x2f08
entry 0x403c990c
[0;32mI (31) boot: ESP-IDF v5.2-dev-1449-gd2471b11e7 2nd stage bootloader[0m
[0;32mI (31) boot: compile time Jul 11 2023 17:12:33[0m
[0;32mI (32) boot: Multicore bootloader[0m
[0;32mI (36) boot: chip revision: v0.1[0m
[0;32mI (40) boot.esp32s3: Boot SPI Speed : 80MHz[0m
[0;32mI (45) boot.esp32s3: SPI Mode       : DIO[0m
[0;32mI (49) boot.esp32s3: SPI Flash Size : 2MB[0m
[0;32mI (54) boot: Enabling RNG early entropy source...[0m
[0;32mI (60) boot: Partition Table:[0m
[0;32mI (63) boot: ## Label            Usage          Type ST Offset   Length[0m
[0;32mI (70) boot:  0 nvs              WiFi data        01 02 00009000 00006000[0m
[0;32mI (78) boot:  1 phy_init         RF data          01 01 0000f000 00001000[0m
[0;32mI (85) boot:  2 factory          factory app      00 00 00010000 00100000[0m
[0;32mI (93) boot: End of partition table[0m
[0;32mI (97) esp_image: segment 0: paddr=00010020 vaddr=3c030020 size=0ffcch ( 65484) map[0m
[0;32mI (117) esp_image: segment 1: paddr=0001fff4 vaddr=3fc94b00 size=00024h (    36) load[0m
[0;32mI (118) esp_image: segment 2: paddr=00020020 vaddr=42000020 size=2e25ch (189020) map[0m
[0;32mI (157) esp_image: segment 3: paddr=0004e284 vaddr=3fc94b24 size=02a98h ( 10904) load[0m
[0;32mI (160) esp_image: segment 4: paddr=00050d24 vaddr=40374000 size=109f4h ( 68084) load[0m
[0;32mI (185) boot: Loaded app from partition at offset 0x10000[0m
[0;32mI (185) boot: Disabling RNG early entropy source...[0m
[0;32mI (196) cpu_start: Multicore app[0m
[0;32mI (197) cpu_start: Pro cpu up.[0m
[0;32mI (197) cpu_start: Starting app cpu, entry point is 0x403753ec[0m
[0;32mI (176) cpu_start: App cpu up.[0m
[0;32mI (215) cpu_start: Pro cpu start user code[0m
[0;32mI (215) cpu_start: cpu freq: 160000000 Hz[0m
[0;32mI (215) cpu_start: Application information:[0m
[0;32mI (218) cpu_start: Project name:     h160-scooter-controller[0m
[0;32mI (224) cpu_start: App version:      1[0m
[0;32mI (229) cpu_start: Compile time:     Jul 11 2023 17:12:27[0m
[0;32mI (235) cpu_start: ELF file SHA256:  c0c0923fa...[0m
[0;32mI (240) cpu_start: ESP-IDF:          v5.2-dev-1449-gd2471b11e7[0m
[0;32mI (247) cpu_start: Min chip rev:     v0.0[0m
[0;32mI (252) cpu_start: Max chip rev:     v0.99 [0m
[0;32mI (256) cpu_start: Chip rev:         v0.1[0m
[0;32mI (261) heap_init: Initializing. RAM available for dynamic allocation:[0m
[0;32mI (268) heap_init: At 3FC97FA0 len 00051770 (325 KiB): DRAM[0m
[0;32mI (275) heap_init: At 3FCE9710 len 00005724 (21 KiB): STACK/DRAM[0m
[0;32mI (281) heap_init: At 3FCF0000 len 00008000 (32 KiB): DRAM[0m
[0;32mI (287) heap_init: At 600FE010 len 00001FD8 (7 KiB): RTCRAM[0m
[0;32mI (295) spi_flash: detected chip: generic[0m
[0;32mI (298) spi_flash: flash io: dio[0m
[0;33mW (302) spi_flash: Detected size(8192k) larger than the size in the binary image header(2048k). Using the size in the binary image header.[0m
[0;33mW (315) mcpwm(legacy): legacy driver is deprecated, please migrate to `driver/mcpwm_prelude.h`[0m
[0;32mI (325) sleep: Configure to isolate all GPIO pins in sleep state[0m
[0;32mI (332) sleep: Enable automatic switching of GPIO sleep configuration[0m
[0;32mI (339) app_start: Starting scheduler on CPU0[0m
[0;32mI (344) app_start: Starting scheduler on CPU1[0m
[0;32mI (344) main_task: Started on CPU0[0m
[0;32mI (354) main_task: Calling app_main()[0m
[0;32mI (354) GPIO: initializing GPIO pins...[0m
[0;32mI (364) I2C: initializing i2c[0m
[0;32mI (364) SPI: initializing SPI...[0m
[0;32mI (374) MCPWM: initializing MCPWM...[0m
[0;32mI (374) SPI: initializing SPI SDCARD...[0m
[0;32mI (384) gpio: GPIO[10]| InputEn: 0| OutputEn: 1| OpenDrain: 0| Pullup: 0| Pulldown: 0| Intr:0 [0m
[0;32mI (384) sdspi_transaction: cmd=52, R1 response: command not supported[0m
[0;32mI (434) sdspi_transaction: cmd=5, R1 response: command not supported[0m
Name: EC1S5
Type: SDHC/SDXC
Speed: 8.00 MHz (limit: 8.00 MHz)
Size: 61120MB
CSD: ver=2, sector_size=512, capacity=125173760 read_bl_len=9
SSR: bus_width=1
[0;32mI (454) SDCARD: Opening file[0m
[0;32mI (484) SDCARD: File written[0m
[0;32mI (524) SDCARD: Renaming file[0m
[0;32mI (534) SDCARD: Reading file[0m
[0;32mI (534) SDCARD: Read from file: 'Hello EC1S5!'[0m
[0;32mI (534) SPI: initializing SPI IMU...[0m
[0;32mI (534) main_task: Returned from aGuru Meditation Error: Core  1 panic'ed (InstrFetchProhibited). Exception was unhandled.

Core  1 register dump:
PC      : 0x00000000  PS      : 0x00060230  A0      : 0x8200db8c  A1      : 0x3fca6840  
A2      : 0x3fc97d70  A3      : 0x3fca6860  A4      : 0x3fca67a4  A5      : 0x00000000  
A6      : 0x00000039  A7      : 0x7facec00  A8      : 0x8202c1f6  A9      : 0x3fca6520  
A10     : 0x00000000  A11     : 0x3fca6860  A12     : 0x3fca67a4  A13     : 0x3c036801  
A14     : 0x3fca676c  A15     : 0x00000000  SAR     : 0x00000009  EXCCAUSE: 0x00000014  
EXCVADDR: 0x00000000  LBEG    : 0x400570e8  LEND    : 0x400570f3  LCOUNT  : 0x00000000  


Backtrace: 0xfffffffd:0x3fca6840 0x4200db89:0x3fca6860 0x4200e1f5:0x3fca68b0 0x42008ad2:0x3fca68e0 0x4037e551:0x3fca6960




ELF file SHA256: c0c0923fa

Rebooting...
ESP-ROM:esp32s3-20210327
Build:Mar 27 2021
rst:0xc (RTC_SW_CPU_RST),boot:0x8 (SPI_FAST_FLASH_BOOT)
Saved PC:0x42007a1f
SPIWP:0xee
mode:DIO, clock div:1
load:0x3fce3820,len:0x1718
load:0x403c9700,len:0x4
load:0x403c9704,len:0xc08
load:0x403cc700,len:0x2f08
entry 0x403c990c
[0;32mI (31) boot: ESP-IDF v5.2-dev-1449-gd2471b11e7 2nd stage bootloader[0m
[0;32mI (31) boot: compile time Jul 11 2023 17:12:33[0m
[0;32mI (32) boot: Multicore bootloader[0m
[0;32mI (36) boot: chip revision: v0.1[0m
[0;32mI (40) boot.esp32s3: Boot SPI Speed : 80MHz[0m
[0;32mI (45) boot.esp32s3: SPI Mode       : DIO[0m
[0;32mI (49) boot.esp32s3: SPI Flash Size : 2MB[0m
[0;32mI (54) boot: Enabling RNG early entropy source...[0m
[0;32mI (60) boot: Partition Table:[0m
[0;32mI (63) boot: ## Label            Usage          Type ST Offset   Length[0m
[0;32mI (70) boot:  0 nvs              WiFi data        01 02 00009000 00006000[0m
[0;32mI (78) boot:  1 phy_init         RF data          01 01 0000f000 00001000[0m
[0;32mI (85) boot:  2 factory          factory app      00 00 00010000 00100000[0m
[0;32mI (93) boot: End of partition table[0m
[0;32mI (97) esp_image: segment 0: paddr=00010020 vaddr=3c030020 size=0ffcch ( 65484) map[0m
[0;32mI (117) esp_image: segment 1: paddr=0001fff4 vaddr=3fc94b00 size=00024h (    36) load[0m
[0;32mI (118) esp_image: segment 2: paddr=00020020 vaddr=42000020 size=2e25ch (189020) map[0m
[0;32mI (157) esp_image: segment 3: paddr=0004e284 vaddr=3fc94b24 size=02a98h ( 10904) load[0m
[0;32mI (160) esp_image: segment 4: paddr=00050d24 vaddr=40374000 size=109f4h ( 68084) load[0m
[0;32mI (185) boot: Loaded app from partition at offset 0x10000[0m
[0;32mI (185) boot: Disabling RNG early entropy source...[0m
[0;32mI (196) cpu_start: Multicore app[0m
[0;32mI (197) cpu_start: Pro cpu up.[0m
[0;32mI (197) cpu_start: Starting app cpu, entry point is 0x403753ec[0m
[0;32mI (176) cpu_start: App cpu up.[0m
[0;32mI (215) cpu_start: Pro cpu start user code[0m
[0;32mI (215) cpu_start: cpu freq: 160000000 Hz[0m
[0;32mI (215) cpu_start: Application information:[0m
[0;32mI (218) cpu_start: Project name:     h160-scooter-controller[0m
[0;32mI (224) cpu_start: App version:      1[0m
