ESP-ROM:esp32s3-20210327
Buiï¿½ESP-ROM:esp32s3-20210327
Build:Mar 27 2021
rst:0x1 (POWERON),boot:0x8 (SPI_FAST_FLASH_BOOT)
SPIWP:0xee
mode:DIO, clock div:1
load:0x3fce3820,len:0x1718
load:0x403c9700,len:0x4
load:0x403c9704,len:0xc08
load:0x403cc700,len:0x2f08
entry 0x403c990c
[0;32mI (27) boot: ESP-IDF v5.2-dev-1449-gd2471b11e7 2nd stage bootloader[0m
[0;32mI (27) boot: compile time Jul 11 2023 17:12:33[0m
[0;32mI (28) boot: Multicore bootloader[0m
[0;32mI (32) boot: chip revision: v0.1[0m
[0;32mI (35) boot.esp32s3: Boot SPI Speed : 80MHz[0m
[0;32mI (40) boot.esp32s3: SPI Mode       : DIO[0m
[0;32mI (45) boot.esp32s3: SPI Flash Size : 2MB[0m
[0;32mI (50) boot: Enabling RNG early entropy source...[0m
[0;32mI (55) boot: Partition Table:[0m
[0;32mI (59) boot: ## Label            Usage          Type ST Offset   Length[0m
[0;32mI (66) boot:  0 nvs              WiFi data        01 02 00009000 00006000[0m
[0;32mI (73) boot:  1 phy_init         RF data          01 01 0000f000 00001000[0m
[0;32mI (81) boot:  2 factory          factory app      00 00 00010000 00100000[0m
[0;32mI (88) boot: End of partition table[0m
[0;32mI (93) esp_image: segment 0: paddr=00010020 vaddr=3c020020 size=0cc30h ( 52272) map[0m
[0;32mI (110) esp_image: segment 1: paddr=0001cc58 vaddr=3fc94900 size=029bch ( 10684) load[0m
[0;32mI (113) esp_image: segment 2: paddr=0001f61c vaddr=40374000 size=009fch (  2556) load[0m
[0;32mI (119) esp_image: segment 3: paddr=00020020 vaddr=42000020 size=1cba4h (117668) map[0m
[0;32mI (147) esp_image: segment 4: paddr=0003cbcc vaddr=403749fc size=0fdf8h ( 65016) load[0m
[0;32mI (169) boot: Loaded app from partition at offset 0x10000[0m
[0;32mI (169) boot: Disabling RNG early entropy source...[0m
[0;32mI (180) cpu_start: Multicore app[0m
[0;32mI (181) cpu_start: Pro cpu up.[0m
[0;32mI (181) cpu_start: Starting app cpu, entry point is 0x403753c0[0m
[0;32mI (0) cpu_start: App cpu up.[0m
[0;32mI (199) cpu_start: Pro cpu start user code[0m
[0;32mI (199) cpu_start: cpu freq: 160000000 Hz[0m
[0;32mI (199) cpu_start: Application information:[0m
[0;32mI (202) cpu_start: Project name:     h160-scooter-controller[0m
[0;32mI (208) cpu_start: App version:      1[0m
[0;32mI (213) cpu_start: Compile time:     Jul 11 2023 17:12:27[0m
[0;32mI (219) cpu_start: ELF file SHA256:  a6cc23157...[0m
[0;32mI (224) cpu_start: ESP-IDF:          v5.2-dev-1449-gd2471b11e7[0m
[0;32mI (231) cpu_start: Min chip rev:     v0.0[0m
[0;32mI (236) cpu_start: Max chip rev:     v0.99 [0m
[0;32mI (240) cpu_start: Chip rev:         v0.1[0m
[0;32mI (245) heap_init: Initializing. RAM available for dynamic allocation:[0m
[0;32mI (252) heap_init: At 3FC97B58 len 00051BB8 (326 KiB): DRAM[0m
[0;32mI (259) heap_init: At 3FCE9710 len 00005724 (21 KiB): STACK/DRAM[0m
[0;32mI (265) heap_init: At 3FCF0000 len 00008000 (32 KiB): DRAM[0m
[0;32mI (271) heap_init: At 600FE010 len 00001FD8 (7 KiB): RTCRAM[0m
[0;32mI (279) spi_flash: detected chip: generic[0m
[0;32mI (282) spi_flash: flash io: dio[0m
[0;33mW (286) spi_flash: Detected size(8192k) larger than the size in the binary image header(2048k). Using the size in the binary image header.[0m
[0;32mI (300) sleep: Configure to isolate all GPIO pins in sleep state[0m
[0;32mI (306) sleep: Enable automatic switching of GPIO sleep configuration[0m
[0;32mI (314) app_start: Starting scheduler on CPU0[0m
[0;32mI (318) app_start: Starting scheduler on CPU1[0m
[0;32mI (318) main_task: Started on CPU0[0m
[0;32mI (328) main_task: Calling app_main()[0m
[0;32mI (328) I2C: initializing i2c[0m
[0;32mI (338) SPI: initializing SPI...[0m
[0;32mI (338) SPI: initializing SPI IMU...[0m
i2c scan: 
Found device at: 0xd0
0x00 0x00
0x01 0x00
0x02 0x00
0x03 0x00
0x04 0x00
0x05 0x00
0x06 0x00
0x07 0x00
0x08 0x00
0x09 0x00
0x0a 0x00
0x0b 0x00
0x0c 0x00
0x0d 0x00
0x0e 0x00
0x0f 0x00
0x10 0x00
0x11 0x00
0x12 0x00
0x13 0x00
0x14 0x00
0x15 0x00
0x16 0x00
0x17 0x00
0x18 0x00
0x19 0x00
0x1a 0x00
0x1b 0x00
0x1c 0x00
0x1d 0x00
0x1e 0x00
0x1f 0x00
0x20 0x00
0x21 0x00
0x22 0x00
0x23 0x00
0x24 0x00
0x25 0x00
0x26 0x00
0x27 0x00
0x28 0x00
0x29 0x00
0x2a 0x00
0x2b 0x00
0x2c 0x00
0x2d 0x00
0x2e 0x00
0x2f 0x00
0x30 0x00
0x31 0x00
0x32 0x00
0x33 0x00
0x34 0x00
0x35 0x00
0x36 0x00
0x37 0x00
0x38 0x00
0x39 0x00
0x3a 0x00
0x3b 0x00
0x3c 0x00
0x3d 0x00
0x3e 0x00
0x3f 0x00
0x40 0x00
0x41 0x00
0x42 0x00
0x43 0x00
0x44 0x00
0x45 0x00
0x46 0x00
0x47 0x00
0x48 0x00
0x49 0x00
0x4a 0x00
0x4b 0x00
0x4c 0x00
0x4d 0x00
0x4e 0x00
0x4f 0x00
0x50 0x00
0x51 0x00
0x52 0x00
0x53 0x00
0x54 0x00
0x55 0x00
0x56 0x00
0x57 0x00
0x58 0x00
0x59 0x00
0x5a 0x00
0x5b 0x00
0x5c 0x00
0x5d 0x00
0x5e 0x00
0x5f 0x00
0x60 0x00
0x61 0x00
0x62 0x00
0x63 0x00
0x64 0x00
0x65 0x00
0x66 0x00
0x67 0x00
0x68 0x00
0x69 0x00
0x6a 0x00
0x6b 0x00
0x6c 0x00
0x6d 0x00
0x6e 0x00
0x6f 0x00
0x70 0x00
0x71 0x00
0x72 0x00
0x73 0x00
0x74 0x00
0x75 0x00
0x76 0x00
0x77 0x00
0x78 0x00
0x79 0x00
0x7a 0x00
0x7b 0x00
0x7c 0x00
0x7d 0x00
0x7e 0x00
0x7f 0x00
i2c scan: 
Found device at: 0xd0
0x00 0x00
0x01 0x00
0x02 0x00
0x03 0x00
0x04 0x00
0x05 0x00
0x06 0x00
0x07 0x00
0x08 0x00
0x09 0x00
0x0a 0x00
0x0b 0x00
0x0c 0x00
0x0d 0x00
0x0e 0x00
0x0f 0x00
0x10 0x00
0x11 0x00
0x12 0x00
0x13 0x00
0x14 0x00
0x15 0x00
0x16 0x00
0x17 0x00
0x18 0x00
0x19 0x00
0x1a 0x00
0x1b 0x00
0x1c 0x00
0x1d 0x00
0x1e 0x00
0x1f 0x00
0x20 0x00
0x21 0x00
0x22 0x00
0x23 0x00
0x24 0x00
0x25 0x00
0x26 0x00
0x27 0x00
0x28 0x00
0x29 0x00
0x2a 0x00
0x2b 0x00
0x2c 0x00
0x2d 0x00
0x2e 0x00
0x2f 0x00
0x30 0x00
0x31 0x00
0x32 0x00
0x33 0x00
0x34 0x00
0x35 0x00
0x36 0x00
0x37 0x00
0x38 0x00
0x39 0x00
0x3a 0x00
0x3b 0x00
0x3c 0x00
0x3d 0x00
0x3e 0x00
0x3f 0x00
0x40 0x00
0x41 0x00
0x42 0x00
0x43 0x00
0x44 0x00
0x45 0x00
0x46 0x00
0x47 0x00
0x48 0x00
0x49 0x00
0x4a 0x00
0x4b 0x00
0x4c 0x00
0x4d 0x00
0x4e 0x00
0x4f 0x00
0x50 0x00
0x51 0x00
0x52 0x00
0x53 0x00
0x54 0x00
0x55 0x00
0x56 0x00
0x57 0x00
0x58 0x00
0x59 0x00
0x5a 0x00
0x5b 0x00
0x5c 0x00
0x5d 0x00
0x5e 0x00
0x5f 0x00
0x60 0x00
0x61 0x00
0x62 0x00
0x63 0x00
0x64 0x00
0x65 0x00
0x66 0x00
0x67 0x00
0x68 0x00
0x69 0x00
0x6a 0x00
0x6b 0x00
0x6c 0x00
0x6d 0x00
0x6e 0x00
0x6f 0x00
0x70 0x00
0x71 0x00
0x72 0x00
0x73 0x00
0x74 0x00
0x75 0x00
0x76 0x00
0x77 0x00
0x78 0x00
0x79 0x00
0x7a 0x00
0x7b 0x00
0x7c 0x00
0x7d 0x00
0x7e 0x00
0x7f 0x00
i2c scan: 
Found device at: 0xd0
0x00 0x00
0x01 0x00
0x02 0x00
0x03 0x00
0x04 0x00
0x05 0x00
0x06 0x00
0x07 0x00
0x08 0x00
0x09 0x00
0x0a 0x00
0x0b 0x00
0x0c 0x00
0x0d 0x00
0x0e 0x00
0x0f 0x00
0x10 0x00
0x11 0x00
0x12 0x00
0x13 0x00
0x14 0x00
0x15 0x00
0x16 0x00
0x17 0x00
0x18 0x00
0x19 0x00
0x1a 0x00
0x1b 0x00
0x1c 0x00
0x1d 0x00
0x1e 0x00
0x1f 0x00
0x20 0x00
0x21 0x00
0x22 0x00
0x23 0x00
0x24 0x00
0x25 0x00
0x26 0x00
0x27 0x00
0x28 0x00
0x29 0x00
0x2a 0x00
0x2b 0x00
0x2c 0x00
0x2d 0x00
0x2e 0x00
0x2f 0x00
0x30 0x00
0x31 0x00
0x32 0x00
0x33 0x00
0x34 0x00
0x35 0x00
0x36 0x00
0x37 0x00
0x38 0x00
0x39 0x00
0x3a 0x00
0x3b 0x00
0x3c 0x00
0x3d 0x00
0x3e 0x00
0x3f 0x00
0x40 0x00
0x41 0x00
0x42 0x00
0x43 0x00
0x44 0x00
0x45 0x00
0x46 0x00
0x47 0x00
0x48 0x00
0x49 0x00
0x4a 0x00
0x4b 0x00
0x4c 0x00
0x4d 0x00
0x4e 0x00
0x4f 0x00
0x50 0x00
0x51 0x00
0x52 0x00
0x53 0x00
0x54 0x00
0x55 0x00
0x56 0x00
0x57 0x00
0x58 0x00
0x59 0x00
0x5a 0x00
0x5b 0x00
0x5c 0x00
0x5d 0x00
0x5e 0x00
0x5f 0x00
0x60 0x00
0x61 0x00
0x62 0x00
0x63 0x00
0x64 0x00
0x65 0x00
0x66 0x00
0x67 0x00
0x68 0x00
0x69 0x00
0x6a 0x00
0x6b 0x00
0x6c 0x00
0x6d 0x00
0x6e 0x00
0x6f 0x00
0x70 0x00
0x71 0x00
0x72 0x00
0x73 0x00
0x74 0x00
0x75 0x00
0x76 0x00
0x77 0x00
0x78 0x00
0x79 0x00
0x7a 0x00
0x7b 0x00
0x7c 0x00
0x7d 0x00
0x7e 0x00
0x7f 0x00
i2c scan: 
Found device at: 0xd0
0x00 0x00
0x01 0x00
0x02 0x00
0x03 0x00
0x04 0x00
0x05 0x00
0x06 0x00
0x07 0x00
0x08 0x00
0x09 0x00
0x0a 0x00
0x0b 0x00
0x0c 0x00
0x0d 0x00
0x0e 0x00
0x0f 0x00
0x10 0x00
0x11 0x00
0x12 0x00
0x13 0x00
0x14 0x00
0x15 0x00
0x16 0x00
0x17 0x00
0x18 0x00
0x19 0x00
0x1a 0x00
0x1b 0x00
0x1c 0x00
0x1d 0x00
0x1e 0x00
0x1f 0x00
0x20 0x00
0x21 0x00
0x22 0x00
0x23 0x00
0x24 0x00
0x25 0x00
0x26 0x00
0x27 0x00
0x28 0x00
0x29 0x00
0x2a 0x00
0x2b 0x00
0x2c 0x00
0x2d 0x00
0x2e 0x00
0x2f 0x00
0x30 0x00
0x31 0x00
0x32 0x00
0x33 0x00
0x34 0x00
0x35 0x00
0x36 0x00
0x37 0x00
0x38 0x00
0x39 0x00
0x3a 0x00
0x3b 0x00
0x3c 0x00
0x3d 0x00
0x3e 0x00
0x3f 0x00
0x40 0x00
0x41 0x00
0x42 0x00
0x43 0x00
0x44 0x00
0x45 0x00
0x46 0x00
0x47 0x00
0x48 0x00
0x49 0x00
0x4a 0x00
0x4b 0x00
0x4c 0x00
0x4d 0x00
0x4e 0x00
0x4f 0x00
0x50 0x00
0x51 0x00
0x52 0x00
0x53 0x00
0x54 0x00
0x55 0x00
0x56 0x00
0x57 0x00
0x58 0x00
0x59 0x00
0x5a 0x00
0x5b 0x00
0x5c 0x00
0x5d 0x00
0x5e 0x00
0x5f 0x00
0x60 0x00
0x61 0x00
0x62 0x00
0x63 0x00
0x64 0x00
0x65 0x00
0x66 0x00
0x67 0x00
0x68 0x00
0x69 0x00
0x6a 0x00
0x6b 0x00
0x6c 0x00
0x6d 0x00
0x6e 0x00
0x6f 0x00
0x70 0x00
0x71 0x00
0x72 0x00
0x73 0x00
0x74 0x00
0x75 0x00
0x76 0x00
0x77 0x00
0x78 0x00
0x79 0x00
0x7a 0x00
0x7b 0x00
0x7c 0x00
0x7d 0x00
0x7e 0x00
0x7f 0x00
i2c scan: 
Found device at: 0xd0
0x00 0x00
0x01 0x00
0x02 0x00
0x03 0x00
0x04 0x00
0x05 0x00
0x06 0x00
0x07 0x00
0x08 0x00
0x09 0x00
0x0a 0x00
0x0b 0x00
0x0c 0x00
0x0d 0x00
0x0e 0x00
0x0f 0x00
0x10 0x00
0x11 0x00
0x12 0x00
0x13 0x00
0x14 0x00
0x15 0x00
0x16 0x00
0x17 0x00
0x18 0x00
0x19 0x00
0x1a 0x00
0x1b 0x00
0x1c 0x00
0x1d 0x00
0x1e 0x00
0x1f 0x00
0x20 0x00
0x21 0x00
0x22 0x00
0x23 0x00
0x24 0x00
0x25 0x00
0x26 0x00
0x27 0x00
0x28 0x00
0x29 0x00
0x2a 0x00
0x2b 0x00
0x2c 0x00
0x2d 0x00
0x2e 0x00
0x2f 0x00
0x30 0x00
0x31 0x00
0x32 0x00
0x33 0x00
0x34 0x00
0x35 0x00
0x36 0x00
0x37 0x00
0x38 0x00
0x39 0x00
0x3a 0x00
0x3b 0x00
0x3c 0x00
0x3d 0x00
0x3e 0x00
0x3f 0x00
0x40 0x00
0x41 0x00
0x42 0x00
0x43 0x00
0x44 0x00
0x45 0x00
0x46 0x00
0x47 0x00
0x48 0x00
0x49 0x00
0x4a 0x00
0x4b 0x00
0x4c 0x00
0x4d 0x00
0x4e 0x00
0x4f 0x00
0x50 0x00
0x51 0x00
0x52 0x00
0x53 0x00
0x54 0x00
0x55 0x00
0x56 0x00
0x57 0x00
0x58 0x00
0x59 0x00
0x5a 0x00
0x5b 0x00
0x5c 0x00
0x5d 0x00
0x5e 0x00
0x5f 0x00
0x60 0x00
0x61 0x00
0x62 0x00
0x63 0x00
0x64 0x00
0x65 0x00
0x66 0x00
0x67 0x00
0x68 0x00
0x69 0x00
0x6a 0x00
0x6b 0x00
0x6c 0x00
0x6d 0x00
0x6e 0x00
0x6f 0x00
0x70 0x00
0x71 0x00
0x72 0x00
0x73 0x00
0x74 0x00
0x75 0x00
0x76 0x00
0x77 0x00
0x78 0x00
0x79 0x00
0x7a 0x00
0x7b 0x00
0x7c 0x00
0x7d 0x00
0x7e 0x00
0x7f 0x00
i2c scan: 
Found device at: 0xd0
0x00 0x00
0x01 0x00
0x02 0x00
0x03 0x00
0x04 0x00
0x05 0x00
0x06 0x00
0x07 0x00
0x08 0x00
0x09 0x00
0x0a 0x00
0x0b 0x00
0x0c 0x00
0x0d 0x00
0x0e 0x00
0x0f 0x00
0x10 0x00
0x11 0x00
0x12 0x00
0x13 0x00
0x14 0x00
0x15 0x00
0x16 0x00
0x17 0x00
0x18 0x00
0x19 0x00
0x1a 0x00
0x1b 0x00
0x1c 0x00
0x1d 0x00
0x1e 0x00
0x1f 0x00
0x20 0x00
0x21 0x00
0x22 0x00
0x23 0x00
0x24 0x00
0x25 0x00
0x26 0x00
0x27 0x00
0x28 0x00
0x29 0x00
0x2a 0x00
0x2b 0x00
0x2c 0x00
0x2d 0x00
0x2e 0x00
0x2f 0x00
0x30 0x00
0x31 0x00
0x32 0x00
0x33 0x00
0x34 0x00
0x35 0x00
0x36 0x00
0x37 0x00
0x38 0x00
0x39 0x00
0x3a 0x00
0x3b 0x00
0x3c 0x00
0x3d 0x00
0x3e 0x00
0x3f 0x00
0x40 0x00
0x41 0x00
0x42 0x00
0x43 0x00
0x44 0x00
0x45 0x00
0x46 0x00
0x47 0x00
0x48 0x00
0x49 0x00
0x4a 0x00
0x4b 0x00
0x4c 0x00
0x4d 0x00
0x4e 0x00
0x4f 0x00
0x50 0x00
0x51 0x00
0x52 0x00
0x53 0x00
0x54 0x00
0x55 0x00
0x56 0x00
0x57 0x00
0x58 0x00
0x59 0x00
0x5a 0x00
0x5b 0x00
0x5c 0x00
0x5d 0x00
0x5e 0x00
0x5f 0x00
0x60 0x00
0x61 0x00
0x62 0x00
0x63 0x00
0x64 0x00
0x65 0x00
0x66 0x00
0x67 0x00
0x68 0x00
0x69 0x00
0x6a 0x00
0x6b 0x00
0x6c 0x00
0x6d 0x00
0x6e 0x00
0x6f 0x00
0x70 0x00
0x71 0x00
0x72 0x00
0x73 0x00
0x74 0x00
0x75 0x00
0x76 0x00
0x77 0x00
0x78 0x00
0x79 0x00
0x7a 0x00
0x7b 0x00
0x7c 0x00
0x7d 0x00
0x7e 0x00
0x7f 0x00
i2c scan: 
Found device at: 0xd0
0x00 0x00
0x01 0x00
0x02 0x00
0x03 0x00
0x04 0x00
0x05 0x00
0x06 0x00
0x07 0x00
0x08 0x00
0x09 0x00
0x0a 0x00
0x0b 0x00
0x0c 0x00
0x0d 0x00
0x0e 0x00
0x0f 0x00
0x10 0x00
0x11 0x00
0x12 0x00
0x13 0x00
0x14 0x00
0x15 0x00
0x16 0x00
0x17 0x00
0x18 0x00
0x19 0x00
0x1a 0x00
0x1b 0x00
0x1c 0x00
0x1d 0x00
0x1e 0x00
0x1f 0x00
0x20 0x00
0x21 0x00
0x22 0x00
0x23 0x00
0x24 0x00
0x25 0x00
0x26 0x00
0x27 0x00
0x28 0x00
0x29 0x00
0x2a 0x00
0x2b 0x00
0x2c 0x00
0x2d 0x00
0x2e 0x00
0x2f 0x00
0x30 0x00
0x31 0x00
0x32 0x00
0x33 0x00
0x34 0x00
0x35 0x00
0x36 0x00
0x37 0x00
0x38 0x00
0x39 0x00
0x3a 0x00
0x3b 0x00
0x3c 0x00
0x3d 0x00
0x3e 0x00
0x3f 0x00
0x40 0x00
0x41 0x00
0x42 0x00
0x43 0x00
0x44 0x00
0x45 0x00
0x46 0x00
0x47 0x00
0x48 0x00
0x49 0x00
0x4a 0x00
0x4b 0x00
0x4c 0x00
0x4d 0x00
0x4e 0x00
0x4f 0x00
0x50 0x00
0x51 0x00
0x52 0x00
0x53 0x00
0x54 0x00
0x55 0x00
0x56 0x00
0x57 0x00
0x58 0x00
0x59 0x00
0x5a 0x00
0x5b 0x00
0x5c 0x00
0x5d 0x00
0x5e 0x00
0x5f 0x00
0x60 0x00
0x61 0x00
0x62 0x00
0x63 0x00
0x64 0x00
0x65 0x00
0x66 0x00
0x67 0x00
0x68 0x00
0x69 0x00
0x6a 0x00
0x6b 0x00
0x6c 0x00
0x6d 0x00
0x6e 0x00
0x6f 0x00
0x70 0x00
0x71 0x00
0x72 0x00
0x73 0x00
0x74 0x00
0x75 0x00
0x76 0x00
0x77 0x00
0x78 0x00
0x79 0x00
0x7a 0x00
0x7b 0x00
0x7c 0x00
0x7d 0x00
0x7e 0x00
0x7f 0x00
i2c scan: 
Found device at: 0xd0
0x00 0x00
0x01 0x00
0x02 0x00
0x03 0x00
0x04 0x00
0x05 0x00
0x06 0x00
0x07 0x00
0x08 0x00
0x09 0x00
0x0a 0x00
0x0b 0x00
0x0c 0x00
0x0d 0x00
0x0e 0x00
0x0f 0x00
0x10 0x00
0x11 0x00
0x12 0x00
0x13 0x00
0x14 0x00
0x15 0x00
0x16 0x00
0x17 0x00
0x18 0x00
0x19 0x00
0x1a 0x00
0x1b 0x00
0x1c 0x00
0x1d 0x00
0x1e 0x00
0x1f 0x00
0x20 0x00
0x21 0x00
0x22 0x00
0x23 0x00
0x24 0x00
0x25 0x00
0x26 0x00
0x27 0x00
0x28 0x00
0x29 0x00
0x2a 0x00
0x2b 0x00
0x2c 0x00
0x2d 0x00
0x2e 0x00
0x2f 0x00
0x30 0x00
0x31 0x00
0x32 0x00
0x33 0x00
0x34 0x00
0x35 0x00
0x36 0x00
0x37 0x00
0x38 0x00
0x39 0x00
0x3a 0x00
0x3b 0x00
0x3c 0x00
0x3d 0x00
0x3e 0x00
0x3f 0x00
0x40 0x00
0x41 0x00
0x42 0x00
0x43 0x00
0x44 0x00
0x45 0x00
0x46 0x00
0x47 0x00
0x48 0x00
0x49 0x00
0x4a 0x00
0x4b 0x00
0x4c 0x00
0x4d 0x00
0x4e 0x00
0x4f 0x00
0x50 0x00
0x51 0x00
0x52 0x00
0x53 0x00
0x54 0x00
0x55 0x00
0x56 0x00
0x57 0x00
0x58 0x00
0x59 0x00
0x5a 0x00
0x5b 0x00
0x5c 0x00
0x5d 0x00
0x5e 0x00
0x5f 0x00
0x60 0x00
0x61 0x00
0x62 0x00
0x63 0x00
0x64 0x00
0x65 0x00
0x66 0x00
0x67 0x00
0x68 0x00
0x69 0x00
0x6a 0x00
0x6b 0x00
0x6c 0x00
0x6d 0x00
0x6e 0x00
0x6f 0x00
0x70 0x00
0x71 0x00
0x72 0x00
0x73 0x00
0x74 0x00
0x75 0x00
0x76 0x00
0x77 0x00
0x78 0x00
0x79 0x00
0x7a 0x00
0x7b 0x00
0x7c 0x00
0x7d 0x00
0x7e 0x00
0x7f 0x00
i2c scan: 
Found device at: 0xd0
0x00 0x00
0x01 0x00
0x02 0x00
0x03 0x00
0x04 0x00
0x05 0x00
0x06 0x00
0x07 0x00
0x08 0x00
0x09 0x00
0x0a 0x00
0x0b 0x00
0x0c 0x00
0x0d 0x00
0x0e 0x00
0x0f 0x00
0x10 0x00
0x11 0x00
0x12 0x00
0x13 0x00
0x14 0x00
0x15 0x00
0x16 0x00
0x17 0x00
0x18 0x00
0x19 0x00
0x1a 0x00
0x1b 0x00
0x1c 0x00
0x1d 0x00
0x1e 0x00
0x1f 0x00
0x20 0x00
0x21 0x00
0x22 0x00
0x23 0x00
0x24 0x00
0x25 0x00
0x26 0x00
0x27 0x00
0x28 0x00
0x29 0x00
0x2a 0x00
0x2b 0x00
0x2c 0x00
0x2d 0x00
0x2e 0x00
0x2f 0x00
0x30 0x00
0x31 0x00
0x32 0x00
0x33 0x00
0x34 0x00
0x35 0x00
0x36 0x00
0x37 0x00
0x38 0x00
0x39 0x00
0x3a 0x00
0x3b 0x00
0x3c 0x00
0x3d 0x00
0x3e 0x00
0x3f 0x00
0x40 0x00
0x41 0x00
0x42 0x00
0x43 0x00
0x44 0x00
0x45 0x00
0x46 0x00
0x47 0x00
0x48 0x00
0x49 0x00
0x4a 0x00
0x4b 0x00
0x4c 0x00
0x4d 0x00
0x4e 0x00
0x4f 0x00
0x50 0x00
0x51 0x00
0x52 0x00
0x53 0x00
0x54 0x00
0x55 0x00
0x56 0x00
0x57 0x00
0x58 0x00
0x59 0x00
0x5a 0x00
0x5b 0x00
0x5c 0x00
0x5d 0x00
0x5e 0x00
0x5f 0x00
0x60 0x00
0x61 0x00
0x62 0x00
0x63 0x00
0x64 0x00
0x65 0x00
0x66 0x00
0x67 0x00
0x68 0x00
0x69 0x00
0x6a 0x00
0x6b 0x00
0x6c 0x00
0x6d 0x00
0x6e 0x00
0x6f 0x00
0x70 0x00
0x71 0x00
0x72 0x00
0x73 0x00
0x74 0x00
0x75 0x00
0x76 0x00
0x77 0x00
0x78 0x00
0x79 0x00
0x7a 0x00
0x7b 0x00
0x7c 0x00
0x7d 0x00
0x7e 0x00
0x7f 0x00
i2c scan: 
Found device at: 0xd0
0x00 0x00
0x01 0x00
0x02 0x00
0x03 0x00
0x04 0x00
0x05 0x00
0x06 0x00
0x07 0x00
0x08 0x00
0x09 0x00
0x0a 0x00
0x0b 0x00
0x0c 0x00
0x0d 0x00
0x0e 0x00
0x0f 0x00
0x10 0x00
0x11 0x00
0x12 0x00
0x13 0x00
0x14 0x00
0x15 0x00
0x16 0x00
0x17 0x00
0x18 0x00
0x19 0x00
0x1a 0x00
0x1b 0x00
0x1c 0x00
0x1d 0x00
0x1e 0x00
0x1f 0x00
0x20 0x00
0x21 0x00
0x22 0x00
0x23 0x00
0x24 0x00
0x25 0x00
0x26 0x00
0x27 0x00
0x28 0x00
0x29 0x00
0x2a 0x00
0x2b 0x00
0x2c 0x00
0x2d 0x00
0x2e 0x00
0x2f 0x00
0x30 0x00
0x31 0x00
0x32 0x00
0x33 0x00
0x34 0x00
0x35 0x00
0x36 0x00
0x37 0x00
0x38 0x00
0x39 0x00
0x3a 0x00
0x3b 0x00
0x3c 0x00
0x3d 0x00
0x3e 0x00
0x3f 0x00
0x40 0x00
0x41 0x00
0x42 0x00
0x43 0x00
0x44 0x00
0x45 0x00
0x46 0x00
0x47 0x00
0x48 0x00
0x49 0x00
0x4a 0x00
0x4b 0x00
0x4c 0x00
0x4d 0x00
0x4e 0x00
0x4f 0x00
0x50 0x00
0x51 0x00
0x52 0x00
0x53 0x00
0x54 0x00
0x55 0x00
0x56 0x00
0x57 0x00
0x58 0x00
0x59 0x00
0x5a 0x00
0x5b 0x00
0x5c 0x00
0x5d 0x00
0x5e 0x00
0x5f 0x00
0x60 0x00
0x61 0x00
0x62 0x00
0x63 0x00
0x64 0x00
0x65 0x00
0x66 0x00
0x67 0x00
0x68 0x00
0x69 0x00
0x6a 0x00
0x6b 0x00
0x6c 0x00
0x6d 0x00
0x6e 0x00
0x6f 0x00
0x70 0x00
0x71 0x00
0x72 0x00
0x73 0x00
0x74 0x00
0x75 0x00
0x76 0x00
0x77 0x00
0x78 0x00
0x79 0x00
0x7a 0x00
0x7b 0x00
0x7c 0x00
0x7d 0x00
0x7e 0x00
0x7f 0x00
