ESP-ROM:esï¿½ESP-ROM:esp32s3-20210327
Build:Mar 27 2021
rst:0x1 (POWERON),boot:0xb (SPI_FAST_FLASH_BOOT)
SPIWP:0xee
mode:DIO, clock div:1
load:0x3fce3820,len:0x1718
load:0x403c9700,len:0x4
load:0x403c9704,len:0xc08
load:0x403cc700,len:0x2f08
entry 0x403c990c
[0;32mI (27) boot: ESP-IDF v5.2-dev-1449-gd2471b11e7 2nd stage bootloader[0m
[0;32mI (27) boot: compile time Jul 11 2023 17:12:33[0m
[0;32mI (28) boot: Multicore bootloader[0m
[0;32mI (32) boot: chip revision: v0.1[0m
[0;32mI (35) boot.esp32s3: Boot SPI Speed : 80MHz[0m
[0;32mI (40) boot.esp32s3: SPI Mode       : DIO[0m
[0;32mI (45) boot.esp32s3: SPI Flash Size : 2MB[0m
[0;32mI (50) boot: Enabling RNG early entropy source...[0m
[0;32mI (55) boot: Partition Table:[0m
[0;32mI (59) boot: ## Label            Usage          Type ST Offset   Length[0m
[0;32mI (66) boot:  0 nvs              WiFi data        01 02 00009000 00006000[0m
[0;32mI (73) boot:  1 phy_init         RF data          01 01 0000f000 00001000[0m
[0;32mI (81) boot:  2 factory          factory app      00 00 00010000 00100000[0m
[0;32mI (88) boot: End of partition table[0m
[0;32mI (93) esp_image: segment 0: paddr=00010020 vaddr=3c070020 size=1fab4h (129716) map[0m
[0;32mI (124) esp_image: segment 1: paddr=0002fadc vaddr=3fc9af00 size=0053ch (  1340) load[0m
[0;32mI (125) esp_image: segment 2: paddr=00030020 vaddr=42000020 size=60afch (396028) map[0m
[0;32mI (201) esp_image: segment 3: paddr=00090b24 vaddr=3fc9b43c size=03a2ch ( 14892) load[0m
[0;32mI (205) esp_image: segment 4: paddr=00094558 vaddr=40374000 size=16e6ch ( 93804) load[0m
[0;32mI (237) boot: Loaded app from partition at offset 0x10000[0m
[0;32mI (237) boot: Disabling RNG early entropy source...[0m
[0;32mI (248) cpu_start: Multicore app[0m
[0;32mI (249) cpu_start: Pro cpu up.[0m
[0;32mI (249) cpu_start: Starting app cpu, entry point is 0x403755c4[0m
[0;32mI (0) cpu_start: App cpu up.[0m
[0;32mI (267) cpu_start: Pro cpu start user code[0m
[0;32mI (267) cpu_start: cpu freq: 160000000 Hz[0m
[0;32mI (267) cpu_start: Application information:[0m
[0;32mI (270) cpu_start: Project name:     h160-scooter-controller[0m
[0;32mI (277) cpu_start: App version:      f616dfe-dirty[0m
[0;32mI (282) cpu_start: Compile time:     Aug 28 2023 18:20:44[0m
[0;32mI (288) cpu_start: ELF file SHA256:  50e4199d9...[0m
[0;32mI (293) cpu_start: ESP-IDF:          v5.2-dev-1449-gd2471b11e7[0m
[0;32mI (300) cpu_start: Min chip rev:     v0.0[0m
[0;32mI (305) cpu_start: Max chip rev:     v0.99 [0m
[0;32mI (309) cpu_start: Chip rev:         v0.1[0m
[0;32mI (314) heap_init: Initializing. RAM available for dynamic allocation:[0m
[0;32mI (322) heap_init: At 3FCA1350 len 000483C0 (288 KiB): DRAM[0m
[0;32mI (328) heap_init: At 3FCE9710 len 00005724 (21 KiB): STACK/DRAM[0m
[0;32mI (334) heap_init: At 3FCF0000 len 00008000 (32 KiB): DRAM[0m
[0;32mI (341) heap_init: At 600FE010 len 00001FD8 (7 KiB): RTCRAM[0m
[0;32mI (348) spi_flash: detected chip: generic[0m
[0;32mI (351) spi_flash: flash io: dio[0m
[0;33mW (355) spi_flash: Detected size(8192k) larger than the size in the binary image header(2048k). Using the size in the binary image header.[0m
[0;33mW (369) mcpwm(legacy): legacy driver is deprecated, please migrate to `driver/mcpwm_prelude.h`[0m
[0;32mI (378) sleep: Configure to isolate all GPIO pins in sleep state[0m
[0;32mI (385) sleep: Enable automatic switching of GPIO sleep configuration[0m
[0;32mI (392) coexist: coex firmware version: 5221224[0m
[0;32mI (397) coexist: coexist rom version e7ae62f[0m
[0;32mI (402) app_start: Starting scheduler on CPU0[0m
[0;32mI (407) app_start: Starting scheduler on CPU1[0m
[0;32mI (407) main_task: Started on CPU0[0m
[0;32mI (417) main_task: Calling app_main()[0m
[0;32mI (417) NVS: initializing nonvolatile storage...[0m

 Staring BLE 
ESP_ERROR_CHECK failed: esp_err_t 0xffffffff (ESP_FAIL) at 0x4200a0bb
file: "./main/h160-bluetooth.c" line 168
func: startBLE
expression: esp_nimble_hci_init()

abort() was called at PC 0x403821df on core 0


Backtrace: 0x40375ca6:0x3fca4f70 0x403821e9:0x3fca4f90 0x403889f2:0x3fca4fb0 0x403821df:0x3fca5020 0x4200a0bb:0x3fca5050 0x420095f0:0x3fca5070 0x420602b3:0x3fca50a0 0x40384995:0x3fca50d0




ELF file SHA256: 50e4199d9

Rebooting...
ï¿½ï¿½ï¿½ESP-ROM:esp32s3-20210327
Build:Mar 27 2021
rst:0xc (RTC_SW_CPU_RST),boot:0xb (SPI_FAST_FLASH_BOOT)
Saved PC:0x40375bb8
SPIWP:0xee
mode:DIO, clock div:1
load:0x3fce3820,len:0x1718
load:0x403c9700,len:0x4
load:0x403c9704,len:0xc08
load:0x403cc700,len:0x2f08
entry 0x403c990c
[0;32mI (31) boot: ESP-IDF v5.2-dev-1449-gd2471b11e7 2nd stage bootloader[0m
[0;32mI (31) boot: compile time Jul 11 2023 17:12:33[0m
[0;32mI (32) boot: Multicore bootloader[0m
[0;32mI (36) boot: chip revision: v0.1[0m
[0;32mI (40) boot.esp32s3: Boot SPI Speed : 80MHz[0m
[0;32mI (45) boot.esp32s3: SPI Mode       : DIO[0m
[0;32mI (49) boot.esp32s3: SPI Flash Size : 2MB[0m
[0;32mI (54) boot: Enabling RNG early entropy source...[0m
[0;32mI (60) boot: Partition Table:[0m
[0;32mI (63) boot: ## Label            Usage          Type ST Offset   Length[0m
[0;32mI (70) boot:  0 nvs              WiFi data        01 02 00009000 00006000[0m
[0;32mI (78) boot:  1 phy_init         RF data          01 01 0000f000 00001000[0m
[0;32mI (85) boot:  2 factory          factory app      00 00 00010000 00100000[0m
[0;32mI (93) boot: End of partition table[0m
[0;32mI (97) esp_image: segment 0: paddr=00010020 vaddr=3c070020 size=1fab4h (129716) map[0m
[0;32mI (129) esp_image: segment 1: paddr=0002fadc vaddr=3fc9af00 size=0053ch (  1340) load[0m
[0;32mI (129) esp_image: segment 2: paddr=00030020 vaddr=42000020 size=60afch (396028) map[0m
[0;32mI (205) esp_image: segment 3: paddr=00090b24 vaddr=3fc9b43c size=03a2ch ( 14892) load[0m
[0;32mI (209) esp_image: segment 4: paddr=00094558 vaddr=40374000 size=16e6ch ( 93804) load[0m
[0;32mI (241) boot: Loaded app from partition at offset 0x10000[0m
[0;32mI (242) boot: Disabling RNG early entropy source...[0m
[0;32mI (253) cpu_start: Multicore app[0m
[0;32mI (253) cpu_start: Pro cpu up.[0m
[0;32mI (253) cpu_start: Starting app cpu, entry point is 0x403755c4[0m
[0;32mI (233) cpu_start: App cpu up.[0m
[0;32mI (272) cpu_start: Pro cpu start user code[0m
[0;32mI (272) cpu_start: cpu freq: 160000000 Hz[0m
[0;32mI (272) cpu_start: Application information:[0m
[0;32mI (275) cpu_start: Project name:     h160-scooter-controller[0m
[0;32mI (281) cpu_start: App version:      f616dfe-dirty[0m
[0;32mI (287) cpu_start: Compile time:     Aug 28 2023 18:20:44[0m
[0;32mI (293) cpu_start: ELF file SHA256:  50e4199d9...[0m
[0;32mI (298) cpu_start: ESP-IDF:          v5.2-dev-1449-gd2471b11e7[0m
[0;32mI (305) cpu_start: Min chip rev:     v0.0[0m
[0;32mI (309) cpu_start: Max chip rev:     v0.99 [0m
[0;32mI (314) cpu_start: Chip rev:         v0.1[0m
[0;32mI (319) heap_init: Initializing. RAM available for dynamic allocation:[0m
[0;32mI (326) heap_init: At 3FCA1350 len 000483C0 (288 KiB): DRAM[0m
[0;32mI (332) heap_init: At 3FCE9710 len 00005724 (21 KiB): STACK/DRAM[0m
[0;32mI (339) heap_init: At 3FCF0000 len 00008000 (32 KiB): DRAM[0m
[0;32mI (345) heap_init: At 600FE010 len 00001FD8 (7 KiB): RTCRAM[0m
[0;32mI (352) spi_flash: detected chip: generic[0m
[0;32mI (356) spi_flash: flash io: dio[0m
[0;33mW (360) spi_flash: Detected size(8192k) larger than the size in the binary image header(2048k). Using the size in the binary image header.[0m
[0;33mW (373) mcpwm(legacy): legacy driver is deprecated, please migrate to `driver/mcpwm_prelude.h`[0m
[0;32mI (382) sleep: Configure to isolate all GPIO pins in sleep state[0m
[0;32mI (389) sleep: Enable automatic switching of GPIO sleep configuration[0m
[0;32mI (396) coexist: coex firmware version: 5221224[0m
[0;32mI (402) coexist: coexist rom version e7ae62f[0m
[0;32mI (407) app_start: Starting scheduler on CPU0[0m
[0;32mI (411) app_start: Starting scheduler on CPU1[0m
[0;32mI (411) main_task: Started on CPU0[0m
[0;32mI (421) main_task: Calling app_main()[0m
[0;32mI (421) NVS: initializing nonvolatile storage...[0m

 Staring BLE 
ESP_ERROR_CHECK failed: esp_err_t 0xffffffff (ESP_FAIL) at 0x4200a0bb
file: "./main/h160-bluetooth.c" line 168
func: startBLE
expression: esp_nimble_hci_init()

abort() was called at PC 0x403821df on core 0


Backtrace: 0x40375ca6:0x3fca4f70 0x403821e9:0x3fca4f90 0x403889f2:0x3fca4fb0 0x403821df:0x3fca5020 0x4200a0bb:0x3fca5050 0x420095f0:0x3fca5070 0x420602b3:0x3fca50a0 0x40384995:0x3fca50d0




ELF file SHA256: 50e4199d9

Rebooting...
ï¿½ï¿½ï¿½ESP-ROM:esp32s3-20210327
Build:Mar 27 2021
rst:0xc (RTC_SW_CPU_RST),boot:0xb (SPI_FAST_FLASH_BOOT)
Saved PC:0x40375bb8
SPIWP:0xee
mode:DIO, clock div:1
load:0x3fce3820,len:0x1718
load:0x403c9700,len:0x4
load:0x403c9704,len:0xc08
load:0x403cc700,len:0x2f08
entry 0x403c990c
[0;32mI (31) boot: ESP-IDF v5.2-dev-1449-gd2471b11e7 2nd stage bootloader[0m
[0;32mI (31) boot: compile time Jul 11 2023 17:12:33[0m
[0;32mI (32) boot: Multicore bootloader[0m
[0;32mI (36) boot: chip revision: v0.1[0m
[0;32mI (40) boot.esp32s3: Boot SPI Speed : 80MHz[0m
[0;32mI (45) boot.esp32s3: SPI Mode       : DIO[0m
[0;32mI (49) boot.esp32s3: SPI Flash Size : 2MB[0m
[0;32mI (54) boot: Enabling RNG early entropy source...[0m
[0;32mI (60) boot: Partition Table:[0m
[0;32mI (63) boot: ## Label            Usage          Type ST Offset   Length[0m
[0;32mI (70) boot:  0 nvs              WiFi data        01 02 00009000 00006000[0m
[0;32mI (78) boot:  1 phy_init         RF data          01 01 0000f000 00001000[0m
[0;32mI (85) boot:  2 factory          factory app      00 00 00010000 00100000[0m
[0;32mI (93) boot: End of partition table[0m
[0;32mI (97) esp_image: segment 0: paddr=00010020 vaddr=3c070020 size=1fab4h (129716) map[0m
[0;32mI (129) esp_image: segment 1: paddr=0002fadc vaddr=3fc9af00 size=0053ch (  1340) load[0m
[0;32mI (129) esp_image: segment 2: paddr=00030020 vaddr=42000020 size=60afch (396028) map[0m
[0;32mI (205) esp_image: segment 3: paddr=00090b24 vaddr=3fc9b43c size=03a2ch ( 14892) load[0m
[0;32mI (209) esp_image: segment 4: paddr=00094558 vaddr=40374000 size=16e6ch ( 93804) load[0m
[0;32mI (241) boot: Loaded app from partition at offset 0x10000[0m
[0;32mI (242) boot: Disabling RNG early entropy source...[0m
[0;32mI (253) cpu_start: Multicore app[0m
[0;32mI (253) cpu_start: Pro cpu up.[0m
[0;32mI (253) cpu_start: Starting app cpu, entry point is 0x403755c4[0m
[0;32mI (233) cpu_start: App cpu up.[0m
[0;32mI (272) cpu_start: Pro cpu start user code[0m
[0;32mI (272) cpu_start: cpu freq: 160000000 Hz[0m
[0;32mI (272) cpu_start: Application information:[0m
[0;32mI (275) cpu_start: Project name:     h160-scooter-controller[0m
[0;32mI (281) cpu_start: App version:      f616dfe-dirty[0m
[0;32mI (287) cpu_start: Compile time:     Aug 28 2023 18:20:44[0m
[0;32mI (293) cpu_start: ELF file SHA256:  50e4199d9...[0m
[0;32mI (298) cpu_start: ESP-IDF:          v5.2-dev-1449-gd2471b11e7[0m
[0;32mI (305) cpu_start: Min chip rev:     v0.0[0m
[0;32mI (309) cpu_start: Max chip rev:     v0.99 [0m
[0;32mI (314) cpu_start: Chip rev:         v0.1[0m
[0;32mI (319) heap_init: Initializing. RAM available for dynamic allocation:[0m
[0;32mI (326) heap_init: At 3FCA1350 len 000483C0 (288 KiB): DRAM[0m
[0;32mI (332) heap_init: At 3FCE9710 len 00005724 (21 KiB): STACK/DRAM[0m
[0;32mI (339) heap_init: At 3FCF0000 len 00008000 (32 KiB): DRAM[0m
[0;32mI (345) heap_init: At 600FE010 len 00001FD8 (7 KiB): RTCRAM[0m
[0;32mI (352) spi_flash: detected chip: generic[0m
[0;32mI (356) spi_flash: flash io: dio[0m
[0;33mW (360) spi_flash: Detected size(8192k) larger than the size in the binary image header(2048k). Using the size in the binary image header.[0m
[0;33mW (373) mcpwm(legacy): legacy driver is deprecated, please migrate to `driver/mcpwm_prelude.h`[0m
[0;32mI (382) sleep: Configure to isolate all GPIO pins in sleep state[0m
[0;32mI (389) sleep: Enable automatic switching of GPIO sleep configuration[0m
[0;32mI (396) coexist: coex firmware version: 5221224[0m
[0;32mI (402) coexist: coexist rom version e7ae62f[0m
[0;32mI (407) app_start: Starting scheduler on CPU0[0m
[0;32mI (411) app_start: Starting scheduler on CPU1[0m
[0;32mI (411) main_task: Started on CPU0[0m
[0;32mI (421) main_task: Calling app_main()[0m
[0;32mI (421) NVS: initializing nonvolatile storage...[0m

 Staring BLE 
ESP_ERROR_CHECK failed: esp_err_t 0xffffffff (ESP_FAIL) at 0x4200a0bb
file: "./main/h160-bluetooth.c" line 168
func: startBLE
expression: esp_nimble_hci_init()

abort() was called at PC 0x403821df on core 0


Backtrace: 0x40375ca6:0x3fca4f70 0x403821e9:0x3fca4f90 0x403889f2:0x3fca4fb0 0x403821df:0x3fca5020 0x4200a0bb:0x3fca5050 0x420095f0:0x3fca5070 0x420602b3:0x3fca50a0 0x40384995:0x3fca50d0




ELF file SHA256: 50e4199d9

Rebooting...
ï¿½ï¿½ï¿½ESP-ROM:esp32s3-20210327
Build:Mar 27 2021
rst:0xc (RTC_SW_CPU_RST),boot:0xb (SPI_FAST_FLASH_BOOT)
Saved PC:0x40375bb8
SPIWP:0xee
mode:DIO, clock div:1
load:0x3fce3820,len:0x1718
load:0x403c9700,len:0x4
load:0x403c9704,len:0xc08
load:0x403cc700,len:0x2f08
entry 0x403c990c
[0;32mI (31) boot: ESP-IDF v5.2-dev-1449-gd2471b11e7 2nd stage bootloader[0m
[0;32mI (31) boot: compile time Jul 11 2023 17:12:33[0m
[0;32mI (32) boot: Multicore bootloader[0m
[0;32mI (36) boot: chip revision: v0.1[0m
[0;32mI (40) boot.esp32s3: Boot SPI Speed : 80MHz[0m
[0;32mI (45) boot.esp32s3: SPI Mode       : DIO[0m
[0;32mI (49) boot.esp32s3: SPI Flash Size : 2MB[0m
[0;32mI (54) boot: Enabling RNG early entropy source...[0m
[0;32mI (60) boot: Partition Table:[0m
[0;32mI (63) boot: ## Label            Usage          Type ST Offset   Length[0m
[0;32mI (70) boot:  0 nvs              WiFi data        01 02 00009000 00006000[0m
[0;32mI (78) boot:  1 phy_init         RF data          01 01 0000f000 00001000[0m
[0;32mI (85) boot:  2 factory          factory app      00 00 00010000 00100000[0m
[0;32mI (93) boot: End of partition table[0m
[0;32mI (97) esp_image: segment 0: paddr=00010020 vaddr=3c070020 size=1fab4h (129716) map[0m
[0;32mI (129) esp_image: segment 1: paddr=0002fadc vaddr=3fc9af00 size=0053ch (  1340) load[0m
[0;32mI (129) esp_image: segment 2: paddr=00030020 vaddr=42000020 size=60afch (396028) map[0m
[0;32mI (205) esp_image: segment 3: paddr=00090b24 vaddr=3fc9b43c size=03a2ch ( 14892) load[0m
[0;32mI (209) esp_image: segment 4: paddr=00094558 vaddr=40374000 size=16e6ch ( 93804) load[0m
[0;32mI (241) boot: Loaded app from partition at offset 0x10000[0m
[0;32mI (242) boot: Disabling RNG early entropy source...[0m
[0;32mI (253) cpu_start: Multicore app[0m
[0;32mI (253) cpu_start: Pro cpu up.[0m
[0;32mI (253) cpu_start: Starting app cpu, entry point is 0x403755c4[0m
[0;32mI (233) cpu_start: App cpu up.[0m
[0;32mI (272) cpu_start: Pro cpu start user code[0m
[0;32mI (272) cpu_start: cpu freq: 160000000 Hz[0m
[0;32mI (272) cpu_start: Application information:[0m
[0;32mI (275) cpu_start: Project name:     h160-scooter-controller[0m
[0;32mI (281) cpu_start: App version:      f616dfe-dirty[0m
[0;32mI (287) cpu_start: Compile time:     Aug 28 2023 18:20:44[0m
[0;32mI (293) cpu_start: ELF file SHA256:  50e4199d9...[0m
[0;32mI (298) cpu_start: ESP-IDF:          v5.2-dev-1449-gd2471b11e7[0m
[0;32mI (305) cpu_start: Min chip rev:     v0.0[0m
[0;32mI (309) cpu_start: Max chip rev:     v0.99 [0m
[0;32mI (314) cpu_start: Chip rev:         v0.1[0m
[0;32mI (319) heap_init: Initializing. RAM available for dynamic allocation:[0m
[0;32mI (326) heap_init: At 3FCA1350 len 000483C0 (288 KiB): DRAM[0m
[0;32mI (332) heap_init: At 3FCE9710 len 00005724 (21 KiB): STACK/DRAM[0m
[0;32mI (339) heap_init: At 3FCF0000 len 00008000 (32 KiB): DRAM[0m
[0;32mI (345) heap_init: At 600FE010 len 00001FD8 (7 KiB): RTCRAM[0m
[0;32mI (352) spi_flash: detected chip: generic[0m
[0;32mI (356) spi_flash: flash io: dio[0m
[0;33mW (360) spi_flash: Detected size(8192k) larger than the size in the binary image header(2048k). Using the size in the binary image header.[0m
[0;33mW (373) mcpwm(legacy): legacy driver is deprecated, please migrate to `driver/mcpwm_prelude.h`[0m
[0;32mI (382) sleep: Configure to isolate all GPIO pins in sleep state[0m
[0;32mI (389) sleep: Enable automatic switching of GPIO sleep configuration[0m
[0;32mI (396) coexist: coex firmware version: 5221224[0m
[0;32mI (402) coexist: coexist rom version e7ae62f[0m
[0;32mI (407) app_start: Starting scheduler on CPU0[0m
[0;32mI (411) app_start: Starting scheduler on CPU1[0m
[0;32mI (411) main_task: Started on CPU0[0m
[0;32mI (421) main_task: Calling app_main()[0m
[0;32mI (421) NVS: initializing nonvolatile storage...[0m

 Staring BLE 
ESP_ERROR_CHECK failed: esp_err_t 0xffffffff (ESP_FAIL) at 0x4200a0bb
file: "./main/h160-bluetooth.c" line 168
func: startBLE
expression: esp_nimble_hci_init()

abort() was called at PC 0x403821df on core 0


Backtrace: 0x40375ca6:0x3fca4f70 0x403821e9:0x3fca4f90 0x403889f2:0x3fca4fb0 0x403821df:0x3fca5020 0x4200a0bb:0x3fca5050 0x420095f0:0x3fca5070 0x420602b3:0x3fca50a0 0x40384995:0x3fca50d0




ELF file SHA256: 50e4199d9

Rebooting...
ï¿½ï¿½ï¿½ESP-ROM:esp32s3-20210327
Build:Mar 27 2021
rst:0xc (RTC_SW_CPU_RST),boot:0xb (SPI_FAST_FLASH_BOOT)
Saved PC:0x40375bb8
SPIWP:0xee
mode:DIO, clock div:1
load:0x3fce3820,len:0x1718
load:0x403c9700,len:0x4
load:0x403c9704,len:0xc08
load:0x403cc700,len:0x2f08
entry 0x403c990c
[0;32mI (31) boot: ESP-IDF v5.2-dev-1449-gd2471b11e7 2nd stage bootloader[0m
[0;32mI (31) boot: compile time Jul 11 2023 17:12:33[0m
[0;32mI (32) boot: Multicore bootloader[0m
[0;32mI (36) boot: chip revision: v0.1[0m
[0;32mI (40) boot.esp32s3: Boot SPI Speed : 80MHz[0m
[0;32mI (45) boot.esp32s3: SPI Mode       : DIO[0m
[0;32mI (49) boot.esp32s3: SPI Flash Size : 2MB[0m
[0;32mI (54) boot: Enabling RNG early entropy source...[0m
[0;32mI (60) boot: Partition Table:[0m
[0;32mI (63) boot: ## Label            Usage          Type ST Offset   Length[0m
[0;32mI (70) boot:  0 nvs              WiFi data        01 02 00009000 00006000[0m
[0;32mI (78) boot:  1 phy_init         RF data          01 01 0000f000 00001000[0m
[0;32mI (85) boot:  2 factory          factory app      00 00 00010000 00100000[0m
[0;32mI (93) boot: End of partition table[0m
[0;32mI (97) esp_image: segment 0: paddr=00010020 vaddr=3c070020 size=1fab4h (129716) map[0m
[0;32mI (129) esp_image: segment 1: paddr=0002fadc vaddr=3fc9af00 size=0053ch (  1340) load[0m
[0;32mI (129) esp_image: segment 2: paddr=00030020 vaddr=42000020 size=60afch (396028) map[0m
[0;32mI (205) esp_image: segment 3: paddr=00090b24 vaddr=3fc9b43c size=03a2ch ( 14892) load[0m
[0;32mI (209) esp_image: segment 4: paddr=00094558 vaddr=40374000 size=16e6ch ( 93804) load[0m
[0;32mI (241) boot: Loaded app from partition at offset 0x10000[0m
[0;32mI (242) boot: Disabling RNG early entropy source...[0m
[0;32mI (253) cpu_start: Multicore app[0m
[0;32mI (253) cpu_start: Pro cpu up.[0m
[0;32mI (253) cpu_start: Starting app cpu, entry point is 0x403755c4[0m
[0;32mI (233) cpu_start: App cpu up.[0m
[0;32mI (272) cpu_start: Pro cpu start user code[0m
[0;32mI (272) cpu_start: cpu freq: 160000000 Hz[0m
[0;32mI (272) cpu_start: Application information:[0m
[0;32mI (275) cpu_start: Project name:     h160-scooter-controller[0m
[0;32mI (281) cpu_start: App version:      f616dfe-dirty[0m
[0;32mI (287) cpu_start: Compile time:     Aug 28 2023 18:20:44[0m
[0;32mI (293) cpu_start: ELF file SHA256:  50e4199d9...[0m
[0;32mI (298) cpu_start: ESP-IDF:          v5.2-dev-1449-gd2471b11e7[0m
[0;32mI (305) cpu_start: Min chip rev:     v0.0[0m
[0;32mI (309) cpu_start: Max chip rev:     v0.99 [0m
[0;32mI (314) cpu_start: Chip rev:         v0.1[0m
[0;32mI (319) heap_init: Initializing. RAM available for dynamic allocation:[0m
[0;32mI (326) heap_init: At 3FCA1350 len 000483C0 (288 KiB): DRAM[0m
[0;32mI (332) heap_init: At 3FCE9710 len 00005724 (21 KiB): STACK/DRAM[0m
[0;32mI (339) heap_init: At 3FCF0000 len 00008000 (32 KiB): DRAM[0m
[0;32mI (345) heap_init: At 600FE010 len 00001FD8 (7 KiB): RTCRAM[0m
[0;32mI (352) spi_flash: detected chip: generic[0m
[0;32mI (356) spi_flash: flash io: dio[0m
[0;33mW (360) spi_flash: Detected size(8192k) larger than the size in the binary image header(2048k). Using the size in the binary image header.[0m
[0;33mW (373) mcpwm(legacy): legacy driver is deprecated, please migrate to `driver/mcpwm_prelude.h`[0m
[0;32mI (382) sleep: Configure to isolate all GPIO pins in sleep state[0m
[0;32mI (389) sleep: Enable automatic switching of GPIO sleep configuration[0m
[0;32mI (396) coexist: coex firmware version: 5221224[0m
[0;32mI (402) coexist: coexist rom version e7ae62f[0m
[0;32mI (407) app_start: Starting scheduler on CPU0[0m
[0;32mI (411) app_start: Starting scheduler on CPU1[0m
[0;32mI (411) main_task: Started on CPU0[0m
[0;32mI (421) main_task: Calling app_main()[0m
[0;32mI (421) NVS: initializing nonvolatile storage...[0m

 Staring BLE 
ESP_ERROR_CHECK failed: esp_err_t 0xffffffff (ESP_FAIL) at 0x4200a0bb
file: "./main/h160-bluetooth.c" line 168
func: startBLE
expression: esp_nimble_hci_init()

abort() was called at PC 0x403821df on core 0


Backtrace: 0x40375ca6:0x3fca4f70 0x403821e9:0x3fca4f90 0x403889f2:0x3fca4fb0 0x403821df:0x3fca5020 0x4200a0bb:0x3fca5050 0x420095f0:0x3fca5070 0x420602b3:0x3fca50a0 0x40384995:0x3fca50d0




ELF file SHA256: 50e4199d9

Rebooting...
ï¿½ï¿½ï¿½ESP-ROM:esp32s3-20210327
Build:Mar 27 2021
rst:0xc (RTC_SW_CPU_RST),boot:0xb (SPI_FAST_FLASH_BOOT)
Saved PC:0x40375bb8
SPIWP:0xee
mode:DIO, clock div:1
load:0x3fce3820,len:0x1718
load:0x403c9700,len:0x4
load:0x403c9704,len:0xc08
load:0x403cc700,len:0x2f08
entry 0x403c990c
[0;32mI (31) boot: ESP-IDF v5.2-dev-1449-gd2471b11e7 2nd stage bootloader[0m
[0;32mI (31) boot: compile time Jul 11 2023 17:12:33[0m
[0;32mI (32) boot: Multicore bootloader[0m
[0;32mI (36) boot: chip revision: v0.1[0m
[0;32mI (40) boot.esp32s3: Boot SPI Speed : 80MHz[0m
[0;32mI (45) boot.esp32s3: SPI Mode       : DIO[0m
[0;32mI (49) boot.esp32s3: SPI Flash Size : 2MB[0m
[0;32mI (54) boot: Enabling RNG early entropy source...[0m
[0;32mI (60) boot: Partition Table:[0m
[0;32mI (63) boot: ## Label            Usage          Type ST Offset   Length[0m
[0;32mI (70) boot:  0 nvs              WiFi data        01 02 00009000 00006000[0m
[0;32mI (78) boot:  1 phy_init         RF data          01 01 0000f000 00001000[0m
[0;32mI (85) boot:  2 factory          factory app      00 00 00010000 00100000[0m
[0;32mI (93) boot: End of partition table[0m
[0;32mI (97) esp_image: segment 0: paddr=00010020 vaddr=3c070020 size=1fab4h (129716) map[0m
[0;32mI (129) esp_image: segment 1: paddr=0002fadc vaddr=3fc9af00 size=0053ch (  1340) load[0m
[0;32mI (129) esp_image: segment 2: paddr=00030020 vaddr=42000020 size=60afch (396028) map[0m
[0;32mI (205) esp_image: segment 3: paddr=00090b24 vaddr=3fc9b43c size=03a2ch ( 14892) load[0m
[0;32mI (209) esp_image: segment 4: paddr=00094558 vaddr=40374000 size=16e6ch ( 93804) load[0m
[0;32mI (241) boot: Loaded app from partition at offset 0x10000[0m
[0;32mI (242) boot: Disabling RNG early entropy source...[0m
[0;32mI (253) cpu_start: Multicore app[0m
[0;32mI (253) cpu_start: Pro cpu up.[0m
[0;32mI (253) cpu_start: Starting app cpu, entry point is 0x403755c4[0m
[0;32mI (233) cpu_start: App cpu up.[0m
[0;32mI (272) cpu_start: Pro cpu start user code[0m
[0;32mI (272) cpu_start: cpu freq: 160000000 Hz[0m
[0;32mI (272) cpu_start: Application information:[0m
[0;32mI (275) cpu_start: Project name:     h160-scooter-controller[0m
[0;32mI (281) cpu_start: App version:      f616dfe-dirty[0m
[0;32mI (287) cpu_start: Compile time:     Aug 28 2023 18:20:44[0m
[0;32mI (293) cpu_start: ELF file SHA256:  50e4199d9...[0m
[0;32mI (298) cpu_start: ESP-IDF:          v5.2-dev-1449-gd2471b11e7[0m
[0;32mI (305) cpu_start: Min chip rev:     v0.0[0m
[0;32mI (309) cpu_start: Max chip rev:     v0.99 [0m
[0;32mI (314) cpu_start: Chip rev:         v0.1[0m
[0;32mI (319) heap_init: Initializing. RAM available for dynamic allocation:[0m
[0;32mI (326) heap_init: At 3FCA1350 len 000483C0 (288 KiB): DRAM[0m
[0;32mI (332) heap_init: At 3FCE9710 len 00005724 (21 KiB): STACK/DRAM[0m
[0;32mI (339) heap_init: At 3FCF0000 len 00008000 (32 KiB): DRAM[0m
[0;32mI (345) heap_init: At 600FE010 len 00001FD8 (7 KiB): RTCRAM[0m
[0;32mI (352) spi_flash: detected chip: generic[0m
[0;32mI (356) spi_flash: flash io: dio[0m
[0;33mW (360) spi_flash: Detected size(8192k) larger than the size in the binary image header(2048k). Using the size in the binary image header.[0m
[0;33mW (373) mcpwm(legacy): legacy driver is deprecated, please migrate to `driver/mcpwm_prelude.h`[0m
[0;32mI (382) sleep: Configure to isolate all GPIO pins in sleep state[0m
[0;32mI (389) sleep: Enable automatic switching of GPIO sleep configuration[0m
[0;32mI (396) coexist: coex firmware version: 5221224[0m
[0;32mI (402) coexist: coexist rom version e7ae62f[0m
[0;32mI (407) app_start: Starting scheduler on CPU0[0m
[0;32mI (411) app_start: Starting scheduler on CPU1[0m
[0;32mI (411) main_task: Started on CPU0[0m
[0;32mI (421) main_task: Calling app_main()[0m
[0;32mI (421) NVS: initializing nonvolatile storage...[0m

 Staring BLE 
ESP_ERROR_CHECK failed: esp_err_t 0xffffffff (ESP_FAIL) at 0x4200a0bb
file: "./main/h160-bluetooth.c" line 168
func: startBLE
expression: esp_nimble_hci_init()

abort() was called at PC 0x403821df on core 0


Backtrace: 0x40375ca6:0x3fca4f70 0x403821e9:0x3fca4f90 0x403889f2:0x3fca4fb0 0x403821df:0x3fca5020 0x4200a0bb:0x3fca5050 0x420095f0:0x3fca5070 0x420602b3:0x3fca50a0 0x40384995:0x3fca50d0




ELF file SHA256: 50e4199d9

Rebooting...
ï¿½ï¿½ï¿½ESP-ROM:esp32s3-20210327
Build:Mar 27 2021
rst:0xc (RTC_SW_CPU_RST),boot:0xb (SPI_FAST_FLASH_BOOT)
Saved PC:0x40375bb8
SPIWP:0xee
mode:DIO, clock div:1
load:0x3fce3820,len:0x1718
load:0x403c9700,len:0x4
load:0x403c9704,len:0xc08
load:0x403cc700,len:0x2f08
entry 0x403c990c
[0;32mI (31) boot: ESP-IDF v5.2-dev-1449-gd2471b11e7 2nd stage bootloader[0m
[0;32mI (31) boot: compile time Jul 11 2023 17:12:33[0m
[0;32mI (32) boot: Multicore bootloader[0m
[0;32mI (36) boot: chip revision: v0.1[0m
[0;32mI (40) boot.esp32s3: Boot SPI Speed : 80MHz[0m
[0;32mI (45) boot.esp32s3: SPI Mode       : DIO[0m
[0;32mI (49) boot.esp32s3: SPI Flash Size : 2MB[0m
[0;32mI (54) boot: Enabling RNG early entropy source...[0m
[0;32mI (60) boot: Partition Table:[0m
[0;32mI (63) boot: ## Label            Usage          Type ST Offset   Length[0m
[0;32mI (70) boot:  0 nvs              WiFi data        01 02 00009000 00006000[0m
[0;32mI (78) boot:  1 phy_init         RF data          01 01 0000f000 00001000[0m
[0;32mI (85) boot:  2 factory          factory app      00 00 00010000 00100000[0m
[0;32mI (93) boot: End of partition table[0m
[0;32mI (97) esp_image: segment 0: paddr=00010020 vaddr=3c070020 size=1fab4h (129716) map[0m
[0;32mI (129) esp_image: segment 1: paddr=0002fadc vaddr=3fc9af00 size=0053ch (  1340) load[0m
[0;32mI (129) esp_image: segment 2: paddr=00030020 vaddr=42000020 size=60afch (396028) map[0m
[0;32mI (205) esp_image: segment 3: paddr=00090b24 vaddr=3fc9b43c size=03a2ch ( 14892) load[0m
[0;32mI (209) esp_image: segment 4: paddr=00094558 vaddr=40374000 size=16e6ch ( 93804) load[0m
[0;32mI (241) boot: Loaded app from partition at offset 0x10000[0m
[0;32mI (242) boot: Disabling RNG early entropy source...[0m
[0;32mI (253) cpu_start: Multicore app[0m
[0;32mI (253) cpu_start: Pro cpu up.[0m
[0;32mI (253) cpu_start: Starting app cpu, entry point is 0x403755c4[0m
[0;32mI (233) cpu_start: App cpu up.[0m
[0;32mI (272) cpu_start: Pro cpu start user code[0m
[0;32mI (272) cpu_start: cpu freq: 160000000 Hz[0m
[0;32mI (272) cpu_start: Application information:[0m
[0;32mI (275) cpu_start: Project name:     h160-scooter-controller[0m
[0;32mI (281) cpu_start: App version:      f616dfe-dirty[0m
[0;32mI (287) cpu_start: Compile time:     Aug 28 2023 18:20:44[0m
[0;32mI (293) cpu_start: ELF file SHA256:  50e4199d9...[0m
[0;32mI (298) cpu_start: ESP-IDF:          v5.2-dev-1449-gd2471b11e7[0m
[0;32mI (305) cpu_start: Min chip rev:     v0.0[0m
[0;32mI (309) cpu_start: Max chip rev:     v0.99 [0m
[0;32mI (314) cpu_start: Chip rev:         v0.1[0m
[0;32mI (319) heap_init: Initializing. RAM available for dynamic allocation:[0m
[0;32mI (326) heap_init: At 3FCA1350 len 000483C0 (288 KiB): DRAM[0m
[0;32mI (332) heap_init: At 3FCE9710 len 00005724 (21 KiB): STACK/DRAM[0m
[0;32mI (339) heap_init: At 3FCF0000 len 00008000 (32 KiB): DRAM[0m
[0;32mI (345) heap_init: At 600FE010 len 00001FD8 (7 KiB): RTCRAM[0m
[0;32mI (352) spi_flash: detected chip: generic[0m
[0;32mI (356) spi_flash: flash io: dio[0m
[0;33mW (360) spi_flash: Detected size(8192k) larger than the size in the binary image header(2048k). Using the size in the binary image header.[0m
[0;33mW (373) mcpwm(legacy): legacy driver is deprecated, please migrate to `driver/mcpwm_prelude.h`[0m
[0;32mI (382) sleep: Configure to isolate all GPIO pins in sleep state[0m
[0;32mI (389) sleep: Enable automatic switching of GPIO sleep configuration[0m
[0;32mI (396) coexist: coex firmware version: 5221224[0m
[0;32mI (402) coexist: coexist rom version e7ae62f[0m
[0;32mI (407) app_start: Starting scheduler on CPU0[0m
[0;32mI (411) app_start: Starting scheduler on CPU1[0m
[0;32mI (411) main_task: Started on CPU0[0m
[0;32mI (421) main_task: Calling app_main()[0m
[0;32mI (421) NVS: initializing nonvolatile storage...[0m

 Staring BLE 
ESP_ERROR_CHECK failed: esp_err_t 0xffffffff (ESP_FAIL) at 0x4200a0bb
file: "./main/h160-bluetooth.c" line 168
func: startBLE
expression: esp_nimble_hci_init()

abort() was called at PC 0x403821df on core 0


Backtrace: 0x40375ca6:0x3fca4f70 0x403821e9:0x3fca4f90 0x403889f2:0x3fca4fb0 0x403821df:0x3fca5020 0x4200a0bb:0x3fca5050 0x420095f0:0x3fca5070 0x420602b3:0x3fca50a0 0x40384995:0x3fca50d0




ELF file SHA256: 50e4199d9

Rebooting...
ï¿½ï¿½ï¿½ESP-ROM:esp32s3-20210327
Build:Mar 27 2021
rst:0xc (RTC_SW_CPU_RST),boot:0xb (SPI_FAST_FLASH_BOOT)
Saved PC:0x40375bb8
SPIWP:0xee
mode:DIO, clock div:1
load:0x3fce3820,len:0x1718
load:0x403c9700,len:0x4
load:0x403c9704,len:0xc08
load:0x403cc700,len:0x2f08
entry 0x403c990c
[0;32mI (31) boot: ESP-IDF v5.2-dev-1449-gd2471b11e7 2nd stage bootloader[0m
[0;32mI (31) boot: compile time Jul 11 2023 17:12:33[0m
[0;32mI (32) boot: Multicore bootloader[0m
[0;32mI (36) boot: chip revision: v0.1[0m
[0;32mI (40) boot.esp32s3: Boot SPI Speed : 80MHz[0m
[0;32mI (45) boot.esp32s3: SPI Mode       : DIO[0m
[0;32mI (49) boot.esp32s3: SPI Flash Size : 2MB[0m
[0;32mI (54) boot: Enabling RNG early entropy source...[0m
[0;32mI (60) boot: Partition Table:[0m
[0;32mI (63) boot: ## Label            Usage          Type ST Offset   Length[0m
[0;32mI (70) boot:  0 nvs              WiFi data        01 02 00009000 00006000[0m
[0;32mI (78) boot:  1 phy_init         RF data          01 01 0000f000 00001000[0m
[0;32mI (85) boot:  2 factory          factory app      00 00 00010000 00100000[0m
[0;32mI (93) boot: End of partition table[0m
