ESP-ROM:espï¿½ESP-ROM:esp32s3-20210327
Build:Mar 27 2021
rst:0x1 (POWERON),boot:0x8 (SPI_FAST_FLASH_BOOT)
SPIWP:0xee
mode:DIO, clock div:1
load:0x3fce3820,len:0x1718
load:0x403c9700,len:0x4
load:0x403c9704,len:0xc08
load:0x403cc700,len:0x2f08
entry 0x403c990c
[0;32mI (27) boot: ESP-IDF v5.2-dev-1449-gd2471b11e7 2nd stage bootloader[0m
[0;32mI (27) boot: compile time Jul 11 2023 17:12:33[0m
[0;32mI (28) boot: Multicore bootloader[0m
[0;32mI (32) boot: chip revision: v0.1[0m
[0;32mI (35) boot.esp32s3: Boot SPI Speed : 80MHz[0m
[0;32mI (40) boot.esp32s3: SPI Mode       : DIO[0m
[0;32mI (45) boot.esp32s3: SPI Flash Size : 2MB[0m
[0;32mI (50) boot: Enabling RNG early entropy source...[0m
[0;32mI (55) boot: Partition Table:[0m
[0;32mI (59) boot: ## Label            Usage          Type ST Offset   Length[0m
[0;32mI (66) boot:  0 nvs              WiFi data        01 02 00009000 00006000[0m
[0;32mI (73) boot:  1 phy_init         RF data          01 01 0000f000 00001000[0m
[0;32mI (81) boot:  2 factory          factory app      00 00 00010000 00100000[0m
[0;32mI (88) boot: End of partition table[0m
[0;32mI (93) esp_image: segment 0: paddr=00010020 vaddr=3c020020 size=0d100h ( 53504) map[0m
[0;32mI (111) esp_image: segment 1: paddr=0001d128 vaddr=3fc94900 size=029bch ( 10684) load[0m
[0;32mI (113) esp_image: segment 2: paddr=0001faec vaddr=40374000 size=0052ch (  1324) load[0m
[0;32mI (118) esp_image: segment 3: paddr=00020020 vaddr=42000020 size=1dbf0h (121840) map[0m
[0;32mI (148) esp_image: segment 4: paddr=0003dc18 vaddr=4037452c size=10388h ( 66440) load[0m
[0;32mI (170) boot: Loaded app from partition at offset 0x10000[0m
[0;32mI (170) boot: Disabling RNG early entropy source...[0m
[0;32mI (181) cpu_start: Multicore app[0m
[0;32mI (182) cpu_start: Pro cpu up.[0m
[0;32mI (182) cpu_start: Starting app cpu, entry point is 0x403753c4[0m
[0;32mI (0) cpu_start: App cpu up.[0m
[0;32mI (200) cpu_start: Pro cpu start user code[0m
[0;32mI (200) cpu_start: cpu freq: 160000000 Hz[0m
[0;32mI (200) cpu_start: Application information:[0m
[0;32mI (203) cpu_start: Project name:     h160-scooter-controller[0m
[0;32mI (210) cpu_start: App version:      1[0m
[0;32mI (214) cpu_start: Compile time:     Jul 11 2023 17:12:27[0m
[0;32mI (220) cpu_start: ELF file SHA256:  a226230b6...[0m
[0;32mI (225) cpu_start: ESP-IDF:          v5.2-dev-1449-gd2471b11e7[0m
[0;32mI (232) cpu_start: Min chip rev:     v0.0[0m
[0;32mI (237) cpu_start: Max chip rev:     v0.99 [0m
[0;32mI (241) cpu_start: Chip rev:         v0.1[0m
[0;32mI (246) heap_init: Initializing. RAM available for dynamic allocation:[0m
[0;32mI (253) heap_init: At 3FC97B88 len 00051B88 (326 KiB): DRAM[0m
[0;32mI (260) heap_init: At 3FCE9710 len 00005724 (21 KiB): STACK/DRAM[0m
[0;32mI (266) heap_init: At 3FCF0000 len 00008000 (32 KiB): DRAM[0m
[0;32mI (272) heap_init: At 600FE010 len 00001FD8 (7 KiB): RTCRAM[0m
[0;32mI (280) spi_flash: detected chip: generic[0m
[0;32mI (283) spi_flash: flash io: dio[0m
[0;33mW (287) spi_flash: Detected size(8192k) larger than the size in the binary image header(2048k). Using the size in the binary image header.[0m
[0;32mI (301) sleep: Configure to isolate all GPIO pins in sleep state[0m
[0;32mI (307) sleep: Enable automatic switching of GPIO sleep configuration[0m
[0;32mI (315) app_start: Starting scheduler on CPU0[0m
[0;32mI (319) app_start: Starting scheduler on CPU1[0m
[0;32mI (319) main_task: Started on CPU0[0m
[0;32mI (329) main_task: Calling app_main()[0m
[0;32mI (329) GPIO: initializing GPIO pins...[0m
[0;32mI (339) I2C: initializing i2c[0m
[0;32mI (339) SPI: initializing SPI...[0m
[0;32mI (349) SPI: initializing SPI IMU...[0m
Guru Meditation Error: Core  0 panic'ed (Interrupt wdt timeout on CPU0). 

Core  0 register dump:
PC      : 0x40377587  PS      : 0x00060034  A0      : 0x80377616  A1      : 0x3fc95770  
A2      : 0x00000000  A3      : 0x00000020  A4      : 0x0000002d  A5      : 0x0000002d  
A6      : 0x00000000  A7      : 0x00000000  A8      : 0x80377584  A9      : 0x3fc95750  
A10     : 0x0000002d  A11     : 0x00000000  A12     : 0x8037c256  A13     : 0x3fc9b5f0  
A14     : 0x3fc977f8  A15     : 0x00000000  SAR     : 0x0000000d  EXCCAUSE: 0x00000005  
EXCVADDR: 0x00000000  LBEG    : 0x400570e8  LEND    : 0x400570f3  LCOUNT  : 0x00000000  
Core  0 was running in ISR context:
EPC1    : 0x4201bd97  EPC2    : 0x400559e0  EPC3    : 0x00000000  EPC4    : 0x40377587


Backtrace: 0x40377584:0x3fc95770 0x40377613:0x3fc95790 0x403773e1:0x3fc957b0 0x400559dd:0x3fc9b6c0 |<-CORRUPTED


Core  1 register dump:
PC      : 0x4037994e  PS      : 0x00060734  A0      : 0x82002c95  A1      : 0x3fc9c5e0  
A2      : 0x00000000  A3      : 0x00000000  A4      : 0x3fc994b0  A5      : 0x3fc99490  
A6      : 0x4037964c  A7      : 0x00000001  A8      : 0x8200eb26  A9      : 0x3fc9c5a0  
A10     : 0x00000000  A11     : 0x00000000  A12     : 0x3fc99490  A13     : 0x3fc99460  
A14     : 0x00000001  A15     : 0x00000001  SAR     : 0x00000000  EXCCAUSE: 0x00000005  
EXCVADDR: 0x00000000  LBEG    : 0x00000000  LEND    : 0x00000000  LCOUNT  : 0x00000000  


Backtrace: 0x4037994b:0x3fc9c5e0 0x42002c92:0x3fc9c600 0x4037cec1:0x3fc9c620 0x4037e411:0x3fc9c640




ELF file SHA256: a226230b6

Rebooting...
ï¿½ï¿½ï¿½ESP-ROM:esp32s3-20210327
Build:Mar 27 2021
rst:0xc (RTC_SW_CPU_RST),boot:0x8 (SPI_FAST_FLASH_BOOT)
Saved PC:0x403759b8
SPIWP:0xee
mode:DIO, clock div:1
load:0x3fce3820,len:0x1718
load:0x403c9700,len:0x4
load:0x403c9704,len:0xc08
load:0x403cc700,len:0x2f08
entry 0x403c990c
[0;32mI (31) boot: ESP-IDF v5.2-dev-1449-gd2471b11e7 2nd stage bootloader[0m
[0;32mI (31) boot: compile time Jul 11 2023 17:12:33[0m
[0;32mI (32) boot: Multicore bootloader[0m
[0;32mI (36) boot: chip revision: v0.1[0m
[0;32mI (40) boot.esp32s3: Boot SPI Speed : 80MHz[0m
[0;32mI (45) boot.esp32s3: SPI Mode       : DIO[0m
[0;32mI (49) boot.esp32s3: SPI Flash Size : 2MB[0m
[0;32mI (54) boot: Enabling RNG early entropy source...[0m
[0;32mI (60) boot: Partition Table:[0m
[0;32mI (63) boot: ## Label            Usage          Type ST Offset   Length[0m
[0;32mI (70) boot:  0 nvs              WiFi data        01 02 00009000 00006000[0m
[0;32mI (78) boot:  1 phy_init         RF data          01 01 0000f000 00001000[0m
[0;32mI (85) boot:  2 factory          factory app      00 00 00010000 00100000[0m
[0;32mI (93) boot: End of partition table[0m
[0;32mI (97) esp_image: segment 0: paddr=00010020 vaddr=3c020020 size=0d100h ( 53504) map[0m
[0;32mI (115) esp_image: segment 1: paddr=0001d128 vaddr=3fc94900 size=029bch ( 10684) load[0m
[0;32mI (118) esp_image: segment 2: paddr=0001faec vaddr=40374000 size=0052ch (  1324) load[0m
[0;32mI (123) esp_image: segment 3: paddr=00020020 vaddr=42000020 size=1dbf0h (121840) map[0m
[0;32mI (153) esp_image: segment 4: paddr=0003dc18 vaddr=4037452c size=10388h ( 66440) load[0m
[0;32mI (174) boot: Loaded app from partition at offset 0x10000[0m
[0;32mI (175) boot: Disabling RNG early entropy source...[0m
[0;32mI (186) cpu_start: Multicore app[0m
[0;32mI (186) cpu_start: Pro cpu up.[0m
[0;32mI (186) cpu_start: Starting app cpu, entry point is 0x403753c4[0m
[0;32mI (166) cpu_start: App cpu up.[0m
[0;32mI (205) cpu_start: Pro cpu start user code[0m
[0;32mI (205) cpu_start: cpu freq: 160000000 Hz[0m
[0;32mI (205) cpu_start: Application information:[0m
[0;32mI (208) cpu_start: Project name:     h160-scooter-controller[0m
[0;32mI (214) cpu_start: App version:      1[0m
[0;32mI (219) cpu_start: Compile time:     Jul 11 2023 17:12:27[0m
[0;32mI (225) cpu_start: ELF file SHA256:  a226230b6...[0m
[0;32mI (230) cpu_start: ESP-IDF:          v5.2-dev-1449-gd2471b11e7[0m
[0;32mI (237) cpu_start: Min chip rev:     v0.0[0m
[0;32mI (241) cpu_start: Max chip rev:     v0.99 [0m
[0;32mI (246) cpu_start: Chip rev:         v0.1[0m
[0;32mI (251) heap_init: Initializing. RAM available for dynamic allocation:[0m
[0;32mI (258) heap_init: At 3FC97B88 len 00051B88 (326 KiB): DRAM[0m
[0;32mI (264) heap_init: At 3FCE9710 len 00005724 (21 KiB): STACK/DRAM[0m
[0;32mI (271) heap_init: At 3FCF0000 len 00008000 (32 KiB): DRAM[0m
[0;32mI (277) heap_init: At 600FE010 len 00001FD8 (7 KiB): RTCRAM[0m
[0;32mI (284) spi_flash: detected chip: generic[0m
[0;32mI (288) spi_flash: flash io: dio[0m
[0;33mW (292) spi_flash: Detected size(8192k) larger than the size in the binary image header(2048k). Using the size in the binary image header.[0m
[0;32mI (305) sleep: Configure to isolate all GPIO pins in sleep state[0m
[0;32mI (312) sleep: Enable automatic switching of GPIO sleep configuration[0m
[0;32mI (319) app_start: Starting scheduler on CPU0[0m
[0;32mI (324) app_start: Starting scheduler on CPU1[0m
[0;32mI (324) main_task: Started on CPU0[0m
[0;32mI (334) main_task: Calling app_main()[0m
[0;32mI (334) GPIO: initializing GPIO pins...[0m
[0;32mI (344) I2C: initializing i2c[0m
[0;32mI (344) SPI: initializing SPI...[0m
[0;32mI (354) SPI: initializing SPI IMU...[0m
Guru Meditation Error: Core  0 panic'ed (Interrupt wdt timeout on CPU0). 

Core  0 register dump:
PC      : 0x403773ac  PS      : 0x00050034  A0      : 0x400559e0  A1      : 0x3fc957b0  
A2      : 0x00080000  A3      : 0x3fc98d40  A4      : 0x00380000  A5      : 0x3fc95790  
A6      : 0x00000000  A7      : 0x00000003  A8      : 0x3fc9c910  A9      : 0x4037e786  
A10     : 0x00000000  A11     : 0x3fc9d028  A12     : 0x80377616  A13     : 0x3fc95770  
A14     : 0x00000000  A15     : 0x00000020  SAR     : 0x00000013  EXCCAUSE: 0x00000005  
EXCVADDR: 0x00000000  LBEG    : 0x00000000  LEND    : 0x00000000  LCOUNT  : 0x00000000  
Core  0 was running in ISR context:
EPC1    : 0x4201bd97  EPC2    : 0x400559e0  EPC3    : 0x00000000  EPC4    : 0x403773ac


Backtrace: 0x403773a9:0x3fc957b0 0x400559dd:0x3fc98d40 |<-CORRUPTED


Core  1 register dump:
PC      : 0x4037994e  PS      : 0x00060734  A0      : 0x82002c95  A1      : 0x3fc9c5e0  
A2      : 0x00000000  A3      : 0x00000000  A4      : 0x3fc994b0  A5      : 0x3fc99490  
A6      : 0x4037964c  A7      : 0x00000001  A8      : 0x8200eb26  A9      : 0x3fc9c5a0  
A10     : 0x00000000  A11     : 0x00000000  A12     : 0x3fc99490  A13     : 0x3fc99460  
A14     : 0x00000001  A15     : 0x00000001  SAR     : 0x00000000  EXCCAUSE: 0x00000005  
EXCVADDR: 0x00000000  LBEG    : 0x00000000  LEND    : 0x00000000  LCOUNT  : 0x00000000  


Backtrace: 0x4037994b:0x3fc9c5e0 0x42002c92:0x3fc9c600 0x4037cec1:0x3fc9c620 0x4037e411:0x3fc9c640




ELF file SHA256: a226230b6

Rebooting...
ï¿½ï¿½ï¿½ESP-ROM:esp32s3-20210327
Build:Mar 27 2021
rst:0xc (RTC_SW_CPU_RST),boot:0x8 (SPI_FAST_FLASH_BOOT)
Saved PC:0x403759b8
SPIWP:0xee
mode:DIO, clock div:1
load:0x3fce3820,len:0x1718
load:0x403c9700,len:0x4
load:0x403c9704,len:0xc08
load:0x403cc700,len:0x2f08
entry 0x403c990c
[0;32mI (31) boot: ESP-IDF v5.2-dev-1449-gd2471b11e7 2nd stage bootloader[0m
[0;32mI (31) boot: compile time Jul 11 2023 17:12:33[0m
[0;32mI (32) boot: Multicore bootloader[0m
[0;32mI (36) boot: chip revision: v0.1[0m
[0;32mI (40) boot.esp32s3: Boot SPI Speed : 80MHz[0m
[0;32mI (45) boot.esp32s3: SPI Mode       : DIO[0m
[0;32mI (49) boot.esp32s3: SPI Flash Size : 2MB[0m
[0;32mI (54) boot: Enabling RNG early entropy source...[0m
[0;32mI (60) boot: Partition Table:[0m
[0;32mI (63) boot: ## Label            Usage          Type ST Offset   Length[0m
[0;32mI (70) boot:  0 nvs              WiFi data        01 02 00009000 00006000[0m
[0;32mI (78) boot:  1 phy_init         RF data          01 01 0000f000 00001000[0m
[0;32mI (85) boot:  2 factory          factory app      00 00 00010000 00100000[0m
[0;32mI (93) boot: End of partition table[0m
[0;32mI (97) esp_image: segment 0: paddr=00010020 vaddr=3c020020 size=0d100h ( 53504) map[0m
[0;32mI (115) esp_image: segment 1: paddr=0001d128 vaddr=3fc94900 size=029bch ( 10684) load[0m
[0;32mI (118) esp_image: segment 2: paddr=0001faec vaddr=40374000 size=0052ch (  1324) load[0m
[0;32mI (123) esp_image: segment 3: paddr=00020020 vaddr=42000020 size=1dbf0h (121840) map[0m
[0;32mI (153) esp_image: segment 4: paddr=0003dc18 vaddr=4037452c size=10388h ( 66440) load[0m
[0;32mI (174) boot: Loaded app from partition at offset 0x10000[0m
[0;32mI (175) boot: Disabling RNG early entropy source...[0m
[0;32mI (186) cpu_start: Multicore app[0m
[0;32mI (186) cpu_start: Pro cpu up.[0m
[0;32mI (186) cpu_start: Starting app cpu, entry point is 0x403753c4[0m
[0;32mI (166) cpu_start: App cpu up.[0m
[0;32mI (205) cpu_start: Pro cpu start user code[0m
[0;32mI (205) cpu_start: cpu freq: 160000000 Hz[0m
[0;32mI (205) cpu_start: Application information:[0m
[0;32mI (208) cpu_start: Project name:     h160-scooter-controller[0m
[0;32mI (214) cpu_start: App version:      1[0m
[0;32mI (219) cpu_start: Compile time:     Jul 11 2023 17:12:27[0m
[0;32mI (225) cpu_start: ELF file SHA256:  a226230b6...[0m
[0;32mI (230) cpu_start: ESP-IDF:          v5.2-dev-1449-gd2471b11e7[0m
[0;32mI (237) cpu_start: Min chip rev:     v0.0[0m
[0;32mI (241) cpu_start: Max chip rev:     v0.99 [0m
[0;32mI (246) cpu_start: Chip rev:         v0.1[0m
[0;32mI (251) heap_init: Initializing. RAM available for dynamic allocation:[0m
[0;32mI (258) heap_init: At 3FC97B88 len 00051B88 (326 KiB): DRAM[0m
[0;32mI (264) heap_init: At 3FCE9710 len 00005724 (21 KiB): STACK/DRAM[0m
[0;32mI (271) heap_init: At 3FCF0000 len 00008000 (32 KiB): DRAM[0m
[0;32mI (277) heap_init: At 600FE010 len 00001FD8 (7 KiB): RTCRAM[0m
[0;32mI (284) spi_flash: detected chip: generic[0m
[0;32mI (288) spi_flash: flash io: dio[0m
[0;33mW (292) spi_flash: Detected size(8192k) larger than the size in the binary image header(2048k). Using the size in the binary image header.[0m
[0;32mI (305) sleep: Configure to isolate all GPIO pins in sleep state[0m
[0;32mI (312) sleep: Enable automatic switching of GPIO sleep configuration[0m
[0;32mI (319) app_start: Starting scheduler on CPU0[0m
[0;32mI (324) app_start: Starting scheduler on CPU1[0m
[0;32mI (324) main_task: Started on CPU0[0m
[0;32mI (334) main_task: Calling app_main()[0m
[0;32mI (334) GPIO: initializing GPIO pins...[0m
[0;32mI (344) I2C: initializing i2c[0m
[0;32mI (344) SPI: initializing SPI...[0m
[0;32mI (354) SPI: initializing SPI IMU...[0m
