ESP-ROM:esp32sï¿½ESP-ROM:esp32s3-20210327
Build:Mar 27 2021
rst:0x1 (POWERON),boot:0xa (SPI_FAST_FLASH_BOOT)
SPIWP:0xee
mode:DIO, clock div:1
load:0x3fce3820,len:0x1718
load:0x403c9700,len:0x4
load:0x403c9704,len:0xc08
load:0x403cc700,len:0x2f08
entry 0x403c990c
[0;32mI (27) boot: ESP-IDF v5.2-dev-1449-gd2471b11e7 2nd stage bootloader[0m
[0;32mI (27) boot: compile time Jul 11 2023 17:12:33[0m
[0;32mI (28) boot: Multicore bootloader[0m
[0;32mI (32) boot: chip revision: v0.1[0m
[0;32mI (35) boot.esp32s3: Boot SPI Speed : 80MHz[0m
[0;32mI (40) boot.esp32s3: SPI Mode       : DIO[0m
[0;32mI (45) boot.esp32s3: SPI Flash Size : 2MB[0m
[0;32mI (50) boot: Enabling RNG early entropy source...[0m
[0;32mI (55) boot: Partition Table:[0m
[0;32mI (59) boot: ## Label            Usage          Type ST Offset   Length[0m
[0;32mI (66) boot:  0 nvs              WiFi data        01 02 00009000 00006000[0m
[0;32mI (73) boot:  1 phy_init         RF data          01 01 0000f000 00001000[0m
[0;32mI (81) boot:  2 factory          factory app      00 00 00010000 00100000[0m
[0;32mI (88) boot: End of partition table[0m
[0;32mI (93) esp_image: segment 0: paddr=00010020 vaddr=3c030020 size=0ded4h ( 57044) map[0m
[0;32mI (111) esp_image: segment 1: paddr=0001defc vaddr=3fc95300 size=0211ch (  8476) load[0m
[0;32mI (113) esp_image: segment 2: paddr=00020020 vaddr=42000020 size=25304h (152324) map[0m
[0;32mI (145) esp_image: segment 3: paddr=0004532c vaddr=3fc9741c size=00aa8h (  2728) load[0m
[0;32mI (146) esp_image: segment 4: paddr=00045ddc vaddr=40374000 size=112d8h ( 70360) load[0m
[0;32mI (174) boot: Loaded app from partition at offset 0x10000[0m
[0;32mI (174) boot: Disabling RNG early entropy source...[0m
[0;32mI (185) cpu_start: Multicore app[0m
[0;32mI (185) cpu_start: Pro cpu up.[0m
[0;32mI (185) cpu_start: Starting app cpu, entry point is 0x40375424[0m
[0;32mI (0) cpu_start: App cpu up.[0m
[0;32mI (204) cpu_start: Pro cpu start user code[0m
[0;32mI (204) cpu_start: cpu freq: 160000000 Hz[0m
[0;32mI (204) cpu_start: Application information:[0m
[0;32mI (207) cpu_start: Project name:     h160-scooter-controller[0m
[0;32mI (213) cpu_start: App version:      1[0m
[0;32mI (218) cpu_start: Compile time:     Aug 21 2023 14:14:24[0m
[0;32mI (224) cpu_start: ELF file SHA256:  5848845c5...[0m
[0;32mI (229) cpu_start: ESP-IDF:          v5.2-dev-1449-gd2471b11e7[0m
[0;32mI (236) cpu_start: Min chip rev:     v0.0[0m
[0;32mI (240) cpu_start: Max chip rev:     v0.99 [0m
[0;32mI (245) cpu_start: Chip rev:         v0.1[0m
[0;32mI (250) heap_init: Initializing. RAM available for dynamic allocation:[0m
[0;32mI (257) heap_init: At 3FC987D8 len 00050F38 (323 KiB): DRAM[0m
[0;32mI (263) heap_init: At 3FCE9710 len 00005724 (21 KiB): STACK/DRAM[0m
[0;32mI (270) heap_init: At 3FCF0000 len 00008000 (32 KiB): DRAM[0m
[0;32mI (276) heap_init: At 600FE010 len 00001FD8 (7 KiB): RTCRAM[0m
[0;32mI (283) spi_flash: detected chip: generic[0m
[0;32mI (287) spi_flash: flash io: dio[0m
[0;33mW (291) spi_flash: Detected size(8192k) larger than the size in the binary image header(2048k). Using the size in the binary image header.[0m
[0;33mW (304) mcpwm(legacy): legacy driver is deprecated, please migrate to `driver/mcpwm_prelude.h`[0m
[0;32mI (313) sleep: Configure to isolate all GPIO pins in sleep state[0m
[0;32mI (320) sleep: Enable automatic switching of GPIO sleep configuration[0m
[0;32mI (327) coexist: coex firmware version: 5221224[0m
[0;32mI (333) coexist: coexist rom version e7ae62f[0m
[0;32mI (338) app_start: Starting scheduler on CPU0[0m
[0;32mI (342) app_start: Starting scheduler on CPU1[0m
[0;32mI (342) main_task: Started on CPU0[0m
[0;32mI (352) main_task: Calling app_main()[0m
[0;32mI (352) NVS: initializing nonvolatile storage...[0m
[0;32mI (372) GPIO: initializing GPIO pins...[0m
[0;32mI (372) I2C: initializing i2c[0m
ADC Channel 0: -4.032V
ADC Channel 1: -4.032V
ADC Channel 2: -4.032V
ADC Channel 3: -4.032V
2000-01-01T00:00:04+08:00
[0;32mI (382) MCPWM: initializing MCPWM...[0m
[0;32mI (382) SPI: initializing SPI...[0m
[0;32mI (392) SPI: initializing SPI IMU...[0m
[0;32mI (392) SPI: starting SPI IMU...[0m
IMU REGISTER CONTENTS:
0x00 0000 0000 0000 0000 0000 0000 0000 006a
0x10 4040 0400 0000 0000 e000 0000 0000 07c2
0x20 c8fe 3500 6dff 0800 e3fd eafe cf43 0000
0x30 0000 0000 0000 0000 0000 0010 0000 ffff
0x40 0000 0000 0000 0000 0000 0000 0000 0000
0x50 0000 0000 8400 0000 0000 0000 0000 0000
0x60 0000 0000 00ff 0000 0000 0000 0000 0000
0x70 0000 0000 0000 0000 0000 0000 0000 00ff

Temp:   -312
GyroX:  53
GyroY:  -147
GyroZ:  8
AccelX: -541
AccelY: -278
AccelZ: 17359
[0;32mI (942) main_task: Returned from app_main()[0m
