ESP-ROM:esp32s3-20ï¿½ESP-ROM:esp32s3-20210327
Build:Mar 27 2021
rst:0x1 (POWERON),boot:0xb (SPI_FAST_FLASH_BOOT)
SPIWP:0xee
mode:DIO, clock div:1
load:0x3fce3820,len:0x1718
load:0x403c9700,len:0x4
load:0x403c9704,len:0xc08
load:0x403cc700,len:0x2f08
entry 0x403c990c
[0;32mI (27) boot: ESP-IDF v5.2-dev-1449-gd2471b11e7 2nd stage bootloader[0m
[0;32mI (27) boot: compile time Jul 11 2023 17:12:33[0m
[0;32mI (28) boot: Multicore bootloader[0m
[0;32mI (32) boot: chip revision: v0.1[0m
[0;32mI (35) boot.esp32s3: Boot SPI Speed : 80MHz[0m
[0;32mI (40) boot.esp32s3: SPI Mode       : DIO[0m
[0;32mI (45) boot.esp32s3: SPI Flash Size : 2MB[0m
[0;32mI (50) boot: Enabling RNG early entropy source...[0m
[0;32mI (55) boot: Partition Table:[0m
[0;32mI (59) boot: ## Label            Usage          Type ST Offset   Length[0m
[0;32mI (66) boot:  0 nvs              WiFi data        01 02 00009000 00006000[0m
[0;32mI (73) boot:  1 phy_init         RF data          01 01 0000f000 00001000[0m
[0;32mI (81) boot:  2 factory          factory app      00 00 00010000 00100000[0m
[0;32mI (88) boot: End of partition table[0m
[0;32mI (93) esp_image: segment 0: paddr=00010020 vaddr=3c070020 size=1fa14h (129556) map[0m
[0;32mI (124) esp_image: segment 1: paddr=0002fa3c vaddr=3fc9af00 size=005dch (  1500) load[0m
[0;32mI (125) esp_image: segment 2: paddr=00030020 vaddr=42000020 size=60888h (395400) map[0m
[0;32mI (201) esp_image: segment 3: paddr=000908b0 vaddr=3fc9b4dc size=0397ch ( 14716) load[0m
[0;32mI (204) esp_image: segment 4: paddr=00094234 vaddr=40374000 size=16e6ch ( 93804) load[0m
[0;32mI (237) boot: Loaded app from partition at offset 0x10000[0m
[0;32mI (237) boot: Disabling RNG early entropy source...[0m
[0;32mI (248) cpu_start: Multicore app[0m
[0;32mI (249) cpu_start: Pro cpu up.[0m
[0;32mI (249) cpu_start: Starting app cpu, entry point is 0x403755c4[0m
[0;32mI (0) cpu_start: App cpu up.[0m
[0;32mI (267) cpu_start: Pro cpu start user code[0m
[0;32mI (267) cpu_start: cpu freq: 160000000 Hz[0m
[0;32mI (267) cpu_start: Application information:[0m
[0;32mI (270) cpu_start: Project name:     h160-scooter-controller[0m
[0;32mI (276) cpu_start: App version:      f616dfe-dirty[0m
[0;32mI (282) cpu_start: Compile time:     Aug 28 2023 18:20:44[0m
[0;32mI (288) cpu_start: ELF file SHA256:  a26debdb8...[0m
[0;32mI (293) cpu_start: ESP-IDF:          v5.2-dev-1449-gd2471b11e7[0m
[0;32mI (300) cpu_start: Min chip rev:     v0.0[0m
[0;32mI (304) cpu_start: Max chip rev:     v0.99 [0m
[0;32mI (309) cpu_start: Chip rev:         v0.1[0m
[0;32mI (314) heap_init: Initializing. RAM available for dynamic allocation:[0m
[0;32mI (321) heap_init: At 3FCA1348 len 000483C8 (288 KiB): DRAM[0m
[0;32mI (327) heap_init: At 3FCE9710 len 00005724 (21 KiB): STACK/DRAM[0m
[0;32mI (334) heap_init: At 3FCF0000 len 00008000 (32 KiB): DRAM[0m
[0;32mI (340) heap_init: At 600FE010 len 00001FD8 (7 KiB): RTCRAM[0m
[0;32mI (348) spi_flash: detected chip: generic[0m
[0;32mI (351) spi_flash: flash io: dio[0m
[0;33mW (355) spi_flash: Detected size(8192k) larger than the size in the binary image header(2048k). Using the size in the binary image header.[0m
[0;33mW (368) mcpwm(legacy): legacy driver is deprecated, please migrate to `driver/mcpwm_prelude.h`[0m
[0;32mI (378) sleep: Configure to isolate all GPIO pins in sleep state[0m
[0;32mI (385) sleep: Enable automatic switching of GPIO sleep configuration[0m
[0;32mI (392) coexist: coex firmware version: 5221224[0m
[0;32mI (397) coexist: coexist rom version e7ae62f[0m
[0;32mI (402) app_start: Starting scheduler on CPU0[0m
[0;32mI (407) app_start: Starting scheduler on CPU1[0m
[0;32mI (407) main_task: Started on CPU0[0m
[0;32mI (417) main_task: Calling app_main()[0m
[0;32mI (417) NVS: initializing nonvolatile storage...[0m
[0;32mI (437) GPIO: initializing BLE...[0m

 Staring BLE 
[0;32mI (437) BLE_INIT: BT controller compile version [963cad4][0m
[0;32mI (437) phy_init: phy_version 601,98f2a71,Jun 29 2023,09:58:12[0m
[0;32mI (477) BLE_INIT: Bluetooth MAC: f4:12:fa:48:74:ee[0m
[0;32mI (487) NimBLE: BLE Host Task Started[0m
[0;32mI (487) NimBLE: GAP procedure initiated: stop advertising.
[0m
[0;32mI (487) NimBLE: Failed to restore IRKs from store; status=8
[0m
[0;32mI (497) NimBLE: Device Address: [0m
[0;32mI (497) NimBLE: f4:12:fa:48:74:ee[0m
[0;32mI (497) NimBLE: 
[0m
[0;32mI (507) NimBLE: GAP procedure initiated: advertise; [0m
[0;32mI (507) NimBLE: disc_mode=2[0m
[0;32mI (517) NimBLE:  adv_channel_map=0 own_addr_type=0 adv_filter_policy=0 adv_itvl_min=0 adv_itvl_max=0[0m
[0;32mI (527) NimBLE: 
[0m
[0;32mI (527) GPIO: initializing GPIO pins...[0m
[0;32mI (527) I2C: initializing i2c[0m
i2c scan: 
Found device at: 0x48
Found device at: 0x68
ADC REGISTER CONTENTS:
ADS1115_CONF_R: 4283
ADS1115_CONV_R: 3328
ADS1115_LOTH_R: 8000
ADS1115_HITH_R: 7fff
ADC Channel 0: 0.583V
ADC Channel 1: 0.580V
ADC Channel 2: 0.180V
ADC Channel 3: 1.637V

2023-08-28T22:46:49+08:00
UNIX EPOCH: 1693262809[0;32mI (757) MCPWM: initializing MCPWM...[0m
[0;32mI (757) SPI: initializing SPI...[0m
[0;32mI (767) SPI: initializing SPI IMU...[0m
[0;32mI (767) SPI: starting SPI IMU...[0m
IMU REGISTER CONTENTS:
0x00 0000 0000 0000 0000 0000 0000 0000 006a
0x10 4040 0400 0000 0000 e000 0000 0000 07c2
0x20 7800 4a00 5bff e4ff cf00 7502 ce41 0000
0x30 0000 0000 0000 0000 0000 0010 0000 ffff
0x40 0000 0000 0000 0000 0000 0000 0000 0000
0x50 0000 0000 8400 0000 0000 0000 0000 0000
0x60 0000 0000 00ff 0000 0000 0000 0000 0000
0x70 0000 0000 0000 0000 0000 0000 0000 00ff

Temp:   120
GyroX:  74
GyroY:  -165
GyroZ:  -28
AccelX: 207
AccelY: 629
AccelZ: 16846
[0;32mI (817) SPI: initializing SDMCC card...[0m
[0;32mI (817) gpio: GPIO[2]| InputEn: 0| OutputEn: 0| OpenDrain: 0| Pullup: 1| Pulldown: 0| Intr:0 [0m
[0;32mI (827) gpio: GPIO[1]| InputEn: 0| OutputEn: 0| OpenDrain: 0| Pullup: 1| Pulldown: 0| Intr:0 [0m
[0;32mI (837) gpio: GPIO[39]| InputEn: 0| OutputEn: 0| OpenDrain: 0| Pullup: 1| Pulldown: 0| Intr:0 [0m
[0;32mI (847) gpio: GPIO[40]| InputEn: 0| OutputEn: 0| OpenDrain: 0| Pullup: 1| Pulldown: 0| Intr:0 [0m
[0;32mI (857) gpio: GPIO[41]| InputEn: 0| OutputEn: 0| OpenDrain: 0| Pullup: 1| Pulldown: 0| Intr:0 [0m
[0;32mI (867) gpio: GPIO[42]| InputEn: 0| OutputEn: 1| OpenDrain: 0| Pullup: 0| Pulldown: 0| Intr:0 [0m
[0;32mI (907) gpio: GPIO[42]| InputEn: 0| OutputEn: 0| OpenDrain: 0| Pullup: 1| Pulldown: 0| Intr:0 [0m
Name: EC1S5
Type: SDHC/SDXC
Speed: 20.00 MHz (limit: 20.00 MHz)
Size: 61120MB
CSD: ver=2, sector_size=512, capacity=125173760 read_bl_len=9
SSR: bus_width=4
[0;32mI (917) SDCARD: sdmmc status normal[0m
[0;32mI (1427) main_task: Returned from app_main()[0m
[0;32mI (15377) NimBLE: connection established; status=0 [0m
[0;32mI (15377) NimBLE: handle=1 our_ota_addr_type=0 our_ota_addr=[0m
[0;32mI (15377) NimBLE: f4:12:fa:48:74:ee[0m
[0;32mI (15387) NimBLE:  our_id_addr_type=0 our_id_addr=[0m
[0;32mI (15387) NimBLE: f4:12:fa:48:74:ee[0m
[0;32mI (15397) NimBLE:  peer_ota_addr_type=0 peer_ota_addr=[0m
[0;32mI (15397) NimBLE: 5c:e9:1e:a1:28:f6[0m
[0;32mI (15407) NimBLE:  peer_id_addr_type=0 peer_id_addr=[0m
[0;32mI (15407) NimBLE: 5c:e9:1e:a1:28:f6[0m
[0;32mI (15417) NimBLE:  conn_itvl=12 conn_latency=0 supervision_timeout=36 encrypted=0 authenticated=0 bonded=0
[0m
[0;32mI (15427) NimBLE: 
[0m
[0;32mI (15627) NimBLE: mtu update event; conn_handle=1 cid=4 mtu=256
[0m
[0;32mI (15777) NimBLE: subscribe event; cur_notify=1
 value handle; val_handle=8
conn_handle=1 attr_handle=0 reason=0 prevn=0 curn=14 previ=0 curi=1
[0m
Received=l
received l, listing directory
File 000: data_log_2023-08-28T22_01_43.dat
File 001: data_log_2023-08-28T18_48_33.dat
File 002: data_log_2023-08-28T18_48_39.dat
File 003: data_log_2023-08-28T22_02_16.dat
File 004: data_log_2023-08-28T22_03_15.dat
File 005: data_log_2023-08-28T22_11_39.dat
File 006: data_log_2023-08-28T22_11_44.dat
File 007: data_log_2023-08-28T22_23_08.dat
File 008: data_log_2023-08-28T22_23_14.dat
File 009: data_log_2023-08-28T22_30_28.dat
File 010: data_log_2023-08-28T22_30_32.dat
File 011: data_log_2023-08-28T22_37_28.dat
File 012: data_log_2023-08-28T22_37_32.dat
File 013: data_log_2023-08-28T22_43_39.dat
File 014: data_log_2023-08-28T22_43_45.dat
File 015: data_log_2023-08-28T22_46_45.dat
File 016: data_log_2023-08-28T22_46_49.dat
Received=r data_log_2023-08-28T22_01_43.dat
received r, removing file data_log_2023-08-28T22_01_43.dat
Guru Meditation Error: Core  0 panic'ed (StoreProhibited). Exception was unhandled.

Core  0 register dump:
PC      : 0x4005706c  PS      : 0x00060a30  A0      : 0x820563c8  A1      : 0x3fcb4470  
A2      : 0x00000000  A3      : 0x3c077238  A4      : 0x00000008  A5      : 0x00000000  
A6      : 0x00000008  A7      : 0x00000000  A8      : 0x00000000  A9      : 0x00000000  
A10     : 0x0000002f  A11     : 0x00000004  A12     : 0x00000001  A13     : 0x00000080  
A14     : 0xffffffc6  A15     : 0x00000001  SAR     : 0x00000018  EXCCAUSE: 0x0000001d  
EXCVADDR: 0x00000000  LBEG    : 0x400556d5  LEND    : 0x400556e5  LCOUNT  : 0xfffffff8  


Backtrace: 0x40057069:0x3fcb4470 |<-CORRUPTED




ELF file SHA256: a26debdb8

Rebooting...
 ï¿½ESP-ROM:esp32s3-20210327
Build:Mar 27 2021
rst:0xc (RTC_SW_CPU_RST),boot:0xb (SPI_FAST_FLASH_BOOT)
Saved PC:0x40375bb8
SPIWP:0xee
mode:DIO, clock div:1
load:0x3fce3820,len:0x1718
load:0x403c9700,len:0x4
load:0x403c9704,len:0xc08
load:0x403cc700,len:0x2f08
entry 0x403c990c
[0;32mI (31) boot: ESP-IDF v5.2-dev-1449-gd2471b11e7 2nd stage bootloader[0m
[0;32mI (31) boot: compile time Jul 11 2023 17:12:33[0m
[0;32mI (32) boot: Multicore bootloader[0m
[0;32mI (36) boot: chip revision: v0.1[0m
[0;32mI (40) boot.esp32s3: Boot SPI Speed : 80MHz[0m
[0;32mI (45) boot.esp32s3: SPI Mode       : DIO[0m
[0;32mI (49) boot.esp32s3: SPI Flash Size : 2MB[0m
[0;32mI (54) boot: Enabling RNG early entropy source...[0m
[0;32mI (60) boot: Partition Table:[0m
[0;32mI (63) boot: ## Label            Usage          Type ST Offset   Length[0m
[0;32mI (70) boot:  0 nvs              WiFi data        01 02 00009000 00006000[0m
[0;32mI (78) boot:  1 phy_init         RF data          01 01 0000f000 00001000[0m
[0;32mI (85) boot:  2 factory          factory app      00 00 00010000 00100000[0m
[0;32mI (93) boot: End of partition table[0m
[0;32mI (97) esp_image: segment 0: paddr=00010020 vaddr=3c070020 size=1fa14h (129556) map[0m
[0;32mI (129) esp_image: segment 1: paddr=0002fa3c vaddr=3fc9af00 size=005dch (  1500) load[0m
[0;32mI (129) esp_image: segment 2: paddr=00030020 vaddr=42000020 size=60888h (395400) map[0m
[0;32mI (205) esp_image: segment 3: paddr=000908b0 vaddr=3fc9b4dc size=0397ch ( 14716) load[0m
[0;32mI (209) esp_image: segment 4: paddr=00094234 vaddr=40374000 size=16e6ch ( 93804) load[0m
[0;32mI (241) boot: Loaded app from partition at offset 0x10000[0m
[0;32mI (241) boot: Disabling RNG early entropy source...[0m
[0;32mI (253) cpu_start: Multicore app[0m
[0;32mI (253) cpu_start: Pro cpu up.[0m
[0;32mI (253) cpu_start: Starting app cpu, entry point is 0x403755c4[0m
[0;32mI (232) cpu_start: App cpu up.[0m
[0;32mI (272) cpu_start: Pro cpu start user code[0m
[0;32mI (272) cpu_start: cpu freq: 160000000 Hz[0m
[0;32mI (272) cpu_start: Application information:[0m
[0;32mI (275) cpu_start: Project name:     h160-scooter-controller[0m
[0;32mI (281) cpu_start: App version:      f616dfe-dirty[0m
[0;32mI (286) cpu_start: Compile time:     Aug 28 2023 18:20:44[0m
[0;32mI (293) cpu_start: ELF file SHA256:  a26debdb8...[0m
[0;32mI (298) cpu_start: ESP-IDF:          v5.2-dev-1449-gd2471b11e7[0m
[0;32mI (304) cpu_start: Min chip rev:     v0.0[0m
[0;32mI (309) cpu_start: Max chip rev:     v0.99 [0m
[0;32mI (314) cpu_start: Chip rev:         v0.1[0m
[0;32mI (319) heap_init: Initializing. RAM available for dynamic allocation:[0m
[0;32mI (326) heap_init: At 3FCA1348 len 000483C8 (288 KiB): DRAM[0m
[0;32mI (332) heap_init: At 3FCE9710 len 00005724 (21 KiB): STACK/DRAM[0m
[0;32mI (339) heap_init: At 3FCF0000 len 00008000 (32 KiB): DRAM[0m
[0;32mI (345) heap_init: At 600FE010 len 00001FD8 (7 KiB): RTCRAM[0m
[0;32mI (352) spi_flash: detected chip: generic[0m
[0;32mI (356) spi_flash: flash io: dio[0m
[0;33mW (360) spi_flash: Detected size(8192k) larger than the size in the binary image header(2048k). Using the size in the binary image header.[0m
[0;33mW (373) mcpwm(legacy): legacy driver is deprecated, please migrate to `driver/mcpwm_prelude.h`[0m
[0;32mI (382) sleep: Configure to isolate all GPIO pins in sleep state[0m
[0;32mI (389) sleep: Enable automatic switching of GPIO sleep configuration[0m
[0;32mI (396) coexist: coex firmware version: 5221224[0m
[0;32mI (402) coexist: coexist rom version e7ae62f[0m
[0;32mI (407) app_start: Starting scheduler on CPU0[0m
[0;32mI (411) app_start: Starting scheduler on CPU1[0m
[0;32mI (411) main_task: Started on CPU0[0m
[0;32mI (421) main_task: Calling app_main()[0m
[0;32mI (421) NVS: initializing nonvolatile storage...[0m
[0;32mI (441) GPIO: initializing BLE...[0m

 Staring BLE 
[0;32mI (441) BLE_INIT: BT controller compile version [963cad4][0m
[0;32mI (441) phy_init: phy_version 601,98f2a71,Jun 29 2023,09:58:12[0m
[0;32mI (481) BLE_INIT: Bluetooth MAC: f4:12:fa:48:74:ee[0m
[0;32mI (491) NimBLE: BLE Host Task Started[0m
[0;32mI (491) NimBLE: GAP procedure initiated: stop advertising.
[0m
[0;32mI (491) NimBLE: Failed to restore IRKs from store; status=8
[0m
[0;32mI (501) NimBLE: Device Address: [0m
[0;32mI (501) NimBLE: f4:12:fa:48:74:ee[0m
[0;32mI (501) NimBLE: 
[0m
[0;32mI (511) NimBLE: GAP procedure initiated: advertise; [0m
[0;32mI (511) NimBLE: disc_mode=2[0m
[0;32mI (521) NimBLE:  adv_channel_map=0 own_addr_type=0 adv_filter_policy=0 adv_itvl_min=0 adv_itvl_max=0[0m
[0;32mI (531) NimBLE: 
[0m
[0;32mI (531) GPIO: initializing GPIO pins...[0m
[0;32mI (531) I2C: initializing i2c[0m
i2c scan: 
Found device at: 0x48
Found device at: 0x68
ADC REGISTER CONTENTS:
ADS1115_CONF_R: 4283
ADS1115_CONV_R: 3327
ADS1115_LOTH_R: 8000
ADS1115_HITH_R: 7fff
ADC Channel 0: 0.583V
ADC Channel 1: 0.582V
ADC Channel 2: 0.178V
ADC Channel 3: 1.637V

2023-08-28T22:47:22+08:00
UNIX EPOCH: 1693262842[0;32mI (761) MCPWM: initializing MCPWM...[0m
[0;32mI (761) SPI: initializing SPI...[0m
[0;32mI (771) SPI: initializing SPI IMU...[0m
[0;32mI (771) SPI: starting SPI IMU...[0m
IMU REGISTER CONTENTS:
0x00 0000 0000 0000 0000 0000 0000 0000 006a
0x10 4040 0400 0000 0000 e000 0000 0000 07c2
0x20 4700 4f00 51ff e6ff c300 7702 8941 0000
0x30 0000 0000 0000 0000 0000 0010 0000 ffff
0x40 0000 0000 0000 0000 0000 0000 0000 0000
0x50 0000 0000 8400 0000 0000 0000 0000 0000
0x60 0000 0000 00ff 0000 0000 0000 0000 0000
0x70 0000 0000 0000 0000 0000 0000 0000 00ff

Temp:   71
GyroX:  79
GyroY:  -175
GyroZ:  -26
AccelX: 195
AccelY: 631
AccelZ: 16777
[0;32mI (821) SPI: initializing SDMCC card...[0m
[0;32mI (821) gpio: GPIO[2]| InputEn: 0| OutputEn: 0| OpenDrain: 0| Pullup: 1| Pulldown: 0| Intr:0 [0m
[0;32mI (831) gpio: GPIO[1]| InputEn: 0| OutputEn: 0| OpenDrain: 0| Pullup: 1| Pulldown: 0| Intr:0 [0m
[0;32mI (841) gpio: GPIO[39]| InputEn: 0| OutputEn: 0| OpenDrain: 0| Pullup: 1| Pulldown: 0| Intr:0 [0m
[0;32mI (851) gpio: GPIO[40]| InputEn: 0| OutputEn: 0| OpenDrain: 0| Pullup: 1| Pulldown: 0| Intr:0 [0m
[0;32mI (861) gpio: GPIO[41]| InputEn: 0| OutputEn: 0| OpenDrain: 0| Pullup: 1| Pulldown: 0| Intr:0 [0m
[0;32mI (871) gpio: GPIO[42]| InputEn: 0| OutputEn: 1| OpenDrain: 0| Pullup: 0| Pulldown: 0| Intr:0 [0m
[0;32mI (911) gpio: GPIO[42]| InputEn: 0| OutputEn: 0| OpenDrain: 0| Pullup: 1| Pulldown: 0| Intr:0 [0m
Name: EC1S5
Type: SDHC/SDXC
Speed: 20.00 MHz (limit: 20.00 MHz)
Size: 61120MB
CSD: ver=2, sector_size=512, capacity=125173760 read_bl_len=9
SSR: bus_width=4
[0;32mI (921) SDCARD: sdmmc status normal[0m
[0;32mI (1431) main_task: Returned from app_main()[0m
