ESP-ROM:eï¿½ESP-ROM:esp32s3-20210327
Build:Mar 27 2021
rst:0x1 (POWERON),boot:0x8 (SPI_FAST_FLASH_BOOT)
SPIWP:0xee
mode:DIO, clock div:1
load:0x3fce3820,len:0x1718
load:0x403c9700,len:0x4
load:0x403c9704,len:0xc08
load:0x403cc700,len:0x2f08
entry 0x403c990c
[0;32mI (27) boot: ESP-IDF v5.2-dev-1449-gd2471b11e7 2nd stage bootloader[0m
[0;32mI (27) boot: compile time Jul 11 2023 17:12:33[0m
[0;32mI (28) boot: Multicore bootloader[0m
[0;32mI (32) boot: chip revision: v0.1[0m
[0;32mI (35) boot.esp32s3: Boot SPI Speed : 80MHz[0m
[0;32mI (40) boot.esp32s3: SPI Mode       : DIO[0m
[0;32mI (45) boot.esp32s3: SPI Flash Size : 2MB[0m
[0;32mI (50) boot: Enabling RNG early entropy source...[0m
[0;32mI (55) boot: Partition Table:[0m
[0;32mI (59) boot: ## Label            Usage          Type ST Offset   Length[0m
[0;32mI (66) boot:  0 nvs              WiFi data        01 02 00009000 00006000[0m
[0;32mI (73) boot:  1 phy_init         RF data          01 01 0000f000 00001000[0m
[0;32mI (81) boot:  2 factory          factory app      00 00 00010000 00100000[0m
[0;32mI (88) boot: End of partition table[0m
[0;32mI (93) esp_image: segment 0: paddr=00010020 vaddr=3c020020 size=0d120h ( 53536) map[0m
[0;32mI (111) esp_image: segment 1: paddr=0001d148 vaddr=3fc94900 size=029bch ( 10684) load[0m
[0;32mI (113) esp_image: segment 2: paddr=0001fb0c vaddr=40374000 size=0050ch (  1292) load[0m
[0;32mI (118) esp_image: segment 3: paddr=00020020 vaddr=42000020 size=1dc38h (121912) map[0m
[0;32mI (148) esp_image: segment 4: paddr=0003dc60 vaddr=4037450c size=103a8h ( 66472) load[0m
[0;32mI (170) boot: Loaded app from partition at offset 0x10000[0m
[0;32mI (170) boot: Disabling RNG early entropy source...[0m
[0;32mI (181) cpu_start: Multicore app[0m
[0;32mI (182) cpu_start: Pro cpu up.[0m
[0;32mI (182) cpu_start: Starting app cpu, entry point is 0x403753c4[0m
[0;32mI (0) cpu_start: App cpu up.[0m
[0;32mI (200) cpu_start: Pro cpu start user code[0m
[0;32mI (200) cpu_start: cpu freq: 160000000 Hz[0m
[0;32mI (200) cpu_start: Application information:[0m
[0;32mI (203) cpu_start: Project name:     h160-scooter-controller[0m
[0;32mI (210) cpu_start: App version:      1[0m
[0;32mI (214) cpu_start: Compile time:     Jul 11 2023 17:12:27[0m
[0;32mI (220) cpu_start: ELF file SHA256:  3d06c84b6...[0m
[0;32mI (225) cpu_start: ESP-IDF:          v5.2-dev-1449-gd2471b11e7[0m
[0;32mI (232) cpu_start: Min chip rev:     v0.0[0m
[0;32mI (237) cpu_start: Max chip rev:     v0.99 [0m
[0;32mI (241) cpu_start: Chip rev:         v0.1[0m
[0;32mI (246) heap_init: Initializing. RAM available for dynamic allocation:[0m
[0;32mI (254) heap_init: At 3FC97B88 len 00051B88 (326 KiB): DRAM[0m
[0;32mI (260) heap_init: At 3FCE9710 len 00005724 (21 KiB): STACK/DRAM[0m
[0;32mI (266) heap_init: At 3FCF0000 len 00008000 (32 KiB): DRAM[0m
[0;32mI (273) heap_init: At 600FE010 len 00001FD8 (7 KiB): RTCRAM[0m
[0;32mI (280) spi_flash: detected chip: generic[0m
[0;32mI (283) spi_flash: flash io: dio[0m
[0;33mW (287) spi_flash: Detected size(8192k) larger than the size in the binary image header(2048k). Using the size in the binary image header.[0m
[0;32mI (301) sleep: Configure to isolate all GPIO pins in sleep state[0m
[0;32mI (307) sleep: Enable automatic switching of GPIO sleep configuration[0m
[0;32mI (315) app_start: Starting scheduler on CPU0[0m
[0;32mI (319) app_start: Starting scheduler on CPU1[0m
[0;32mI (319) main_task: Started on CPU0[0m
[0;32mI (329) main_task: Calling app_main()[0m
[0;32mI (329) GPIO: initializing GPIO pins...[0m
[0;32mI (339) I2C: initializing i2c[0m
[0;32mI (339) SPI: initializing SPI...[0m
[0;32mI (349) SPI: initializing SPI IMU...[0m
GyroX:     0.29 dps GyroY:    -1.46 dps GyroZ:    -0.20 dps
 AccX:   0.0258 g    AccY:   0.0132 g    AccZ:   1.0089 g
[0;32mI (849) main_task: Returned from app_main()[0m
Now: 2000-01-01T02:64:39.000+08:00

GyroX:     0.30 dps GyroY:    -1.47 dps GyroZ:    -0.17 dps
 AccX:   0.0266 g    AccY:   0.0126 g    AccZ:   1.0073 g
Now: 2000-01-01T02:64:48.000+08:00

GyroX:     0.27 dps GyroY:    -1.46 dps GyroZ:    -0.18 dps
 AccX:   0.0266 g    AccY:   0.0132 g    AccZ:   1.0065 g
Now: 2000-01-01T02:64:51.000+08:00

Button is pressed and debounced, current tick=677
Button Interrupt Triggered 1 times, current State=1, time since last trigger 44ms
Button is released and debounced, current tick=693
Button Interrupt Triggered 2 times, current State=0, time since last trigger 44ms
Button is pressed and debounced, current tick=829
Button Interrupt Triggered 1 times, current State=1, time since last trigger 44ms
Button is released and debounced, current tick=858
Button Interrupt Triggered 2 times, current State=0, time since last trigger 44ms
Button is pressed and debounced, current tick=943
Button Interrupt Triggered 1 times, current State=1, time since last trigger 44ms
GyroX:     0.28 dps GyroY:    -1.45 dps GyroZ:    -0.16 dps
 AccX:   0.0255 g    AccY:   0.0134 g    AccZ:   1.0071 g
Now: 2000-01-01T02:64:54.000+08:00

Long press, we are going...Button is released and debounced, current tick=986
Button Interrupt Triggered 2 times, current State=0, time since last trigger 44ms
Button is pressed and debounced, current tick=1140
Button Interrupt Triggered 1 times, current State=1, time since last trigger 44ms
Long press, we are going...Button is released and debounced, current tick=1187
Button Interrupt Triggered 2 times, current State=0, time since last trigger 44ms
GyroX:     0.27 dps GyroY:    -1.46 dps GyroZ:    -0.18 dps
 AccX:   0.0269 g    AccY:   0.0134 g    AccZ:   1.0085 g
Now: 2000-01-01T02:64:57.000+08:00

Button is pressed and debounced, current tick=1415
Button Interrupt Triggered 1 times, current State=1, time since last trigger 44ms
Button is released and debounced, current tick=1427
Button Interrupt Triggered 2 times, current State=0, time since last trigger 44ms
Button is pressed and debounced, current tick=1507
Button Interrupt Triggered 1 times, current State=1, time since last trigger 44ms
Button is released and debounced, current tick=1525
Button Interrupt Triggered 2 times, current State=0, time since last trigger 44ms
GyroX:     0.26 dps GyroY:    -1.43 dps GyroZ:    -0.19 dps
 AccX:   0.0253 g    AccY:   0.0131 g    AccZ:   1.0076 g
Now: 2000-01-01T02:64:66.000+08:00

Button is pressed and debounced, current tick=1641
Button Interrupt Triggered 1 times, current State=1, time since last trigger 44ms
Long press, we are going...Button is released and debounced, current tick=1731
Button Interrupt Triggered 2 times, current State=0, time since last trigger 44ms
GyroX:     0.26 dps GyroY:    -1.43 dps GyroZ:    -0.21 dps
 AccX:   0.0255 g    AccY:   0.0125 g    AccZ:   1.0078 g
Now: 2000-01-01T02:64:69.000+08:00

Button is pressed and debounced, current tick=1874
Button Interrupt Triggered 1 times, current State=1, time since last trigger 44ms
Long press, we are going...Button is released and debounced, current tick=1919
Button Interrupt Triggered 2 times, current State=0, time since last trigger 44ms
Button is pressed and debounced, current tick=2030
Button Interrupt Triggered 1 times, current State=1, time since last trigger 44ms
Long press, we are going...Button is released and debounced, current tick=2078
Button Interrupt Triggered 2 times, current State=0, time since last trigger 44ms
GyroX:     0.29 dps GyroY:    -1.45 dps GyroZ:    -0.21 dps
 AccX:   0.0253 g    AccY:   0.0132 g    AccZ:   1.0082 g
Now: 2000-01-01T02:64:72.000+08:00

Button is pressed and debounced, current tick=2168
Button Interrupt Triggered 1 times, current State=1, time since last trigger 44ms
Long press, we are going...Button is released and debounced, current tick=2276
Button Interrupt Triggered 2 times, current State=0, time since last trigger 44ms
GyroX:     0.30 dps GyroY:    -1.46 dps GyroZ:    -0.17 dps
 AccX:   0.0254 g    AccY:   0.0127 g    AccZ:   1.0084 g
Now: 2000-01-01T02:64:81.000+08:00

GyroX:     0.30 dps GyroY:    -1.45 dps GyroZ:    -0.18 dps
 AccX:   0.0260 g    AccY:   0.0134 g    AccZ:   1.0083 g
Now: 2000-01-01T02:64:84.000+08:00

GyroX:     0.31 dps GyroY:    -1.46 dps GyroZ:    -0.17 dps
 AccX:   0.0256 g    AccY:   0.0126 g    AccZ:   1.0074 g
Now: 2000-01-01T02:64:87.000+08:00

GyroX:     0.26 dps GyroY:    -1.50 dps GyroZ:    -0.18 dps
 AccX:   0.0252 g    AccY:   0.0126 g    AccZ:   1.0078 g
Now: 2000-01-01T02:65:00.000+08:00

GyroX:     0.28 dps GyroY:    -1.44 dps GyroZ:    -0.19 dps
 AccX:   0.0248 g    AccY:   0.0129 g    AccZ:   1.0067 g
Now: 2000-01-01T02:65:03.000+08:00

GyroX:     0.27 dps GyroY:    -1.43 dps GyroZ:    -0.19 dps
 AccX:   0.0253 g    AccY:   0.0132 g    AccZ:   1.0070 g
Now: 2000-01-01T02:65:06.000+08:00

GyroX:     0.31 dps GyroY:    -1.43 dps GyroZ:    -0.25 dps
 AccX:   0.0257 g    AccY:   0.0123 g    AccZ:   1.0072 g
Now: 2000-01-01T02:65:09.000+08:00

GyroX:     0.25 dps GyroY:    -1.46 dps GyroZ:    -0.20 dps
 AccX:   0.0261 g    AccY:   0.0132 g    AccZ:   1.0075 g
Now: 2000-01-01T02:65:18.000+08:00

GyroX:     0.31 dps GyroY:    -1.40 dps GyroZ:    -0.21 dps
 AccX:   0.0267 g    AccY:   0.0124 g    AccZ:   1.0069 g
Now: 2000-01-01T02:65:21.000+08:00

GyroX:     0.31 dps GyroY:    -1.43 dps GyroZ:    -0.19 dps
 AccX:   0.0250 g    AccY:   0.0131 g    AccZ:   1.0087 g
Now: 2000-01-01T02:65:24.000+08:00

GyroX:     0.31 dps GyroY:    -1.48 dps GyroZ:    -0.21 dps
 AccX:   0.0262 g    AccY:   0.0130 g    AccZ:   1.0071 g
Now: 2000-01-01T02:65:33.000+08:00

GyroX:     0.24 dps GyroY:    -1.46 dps GyroZ:    -0.18 dps
 AccX:   0.0258 g    AccY:   0.0128 g    AccZ:   1.0079 g
Now: 2000-01-01T02:65:36.000+08:00

GyroX:     0.30 dps GyroY:    -1.49 dps GyroZ:    -0.21 dps
 AccX:   0.0266 g    AccY:   0.0139 g    AccZ:   1.0060 g
Now: 2000-01-01T02:65:39.000+08:00

GyroX:     0.26 dps GyroY:    -1.46 dps GyroZ:    -0.17 dps
 AccX:   0.0267 g    AccY:   0.0133 g    AccZ:   1.0072 g
Now: 2000-01-01T02:65:48.000+08:00

GyroX:     0.26 dps GyroY:    -1.43 dps GyroZ:    -0.18 dps
 AccX:   0.0259 g    AccY:   0.0136 g    AccZ:   1.0073 g
Now: 2000-01-01T02:65:51.000+08:00

GyroX:     0.29 dps GyroY:    -1.47 dps GyroZ:    -0.20 dps
 AccX:   0.0264 g    AccY:   0.0125 g    AccZ:   1.0073 g
Now: 2000-01-01T02:65:54.000+08:00

GyroX:     0.26 dps GyroY:    -1.46 dps GyroZ:    -0.18 dps
 AccX:   0.0256 g    AccY:   0.0135 g    AccZ:   1.0071 g
Now: 2000-01-01T02:65:57.000+08:00

GyroX:     0.28 dps GyroY:    -1.43 dps GyroZ:    -0.19 dps
 AccX:   0.0261 g    AccY:   0.0128 g    AccZ:   1.0079 g
Now: 2000-01-01T02:65:66.000+08:00

GyroX:     0.33 dps GyroY:    -1.47 dps GyroZ:    -0.22 dps
 AccX:   0.0255 g    AccY:   0.0118 g    AccZ:   1.0073 g
Now: 2000-01-01T02:65:69.000+08:00

GyroX:     0.24 dps GyroY:    -1.45 dps GyroZ:    -0.20 dps
 AccX:   0.0255 g    AccY:   0.0128 g    AccZ:   1.0070 g
Now: 2000-01-01T02:65:72.000+08:00

GyroX:     0.30 dps GyroY:    -1.43 dps GyroZ:    -0.21 dps
 AccX:   0.0256 g    AccY:   0.0131 g    AccZ:   1.0070 g
Now: 2000-01-01T02:65:81.000+08:00

GyroX:     0.31 dps GyroY:    -1.44 dps GyroZ:    -0.21 dps
 AccX:   0.0265 g    AccY:   0.0122 g    AccZ:   1.0074 g
Now: 2000-01-01T02:65:84.000+08:00

GyroX:     0.26 dps GyroY:    -1.43 dps GyroZ:    -0.18 dps
 AccX:   0.0262 g    AccY:   0.0137 g    AccZ:   1.0081 g
Now: 2000-01-01T02:65:87.000+08:00

